This file contains any messages produced by compilers while
running configure, to aid debugging if configure makes a mistake.

It was created by i3lock-color configure 2.12, which was
generated by GNU Autoconf 2.71.  Invocation command line was

  $ .././configure --srcdir=.. --enable-builddir=x86_64-pc-linux-gnu

## --------- ##
## Platform. ##
## --------- ##

hostname = JAVA-L09
uname -m = x86_64
uname -r = 6.14.0-37-generic
uname -s = Linux
uname -v = #37~24.04.1-Ubuntu SMP PREEMPT_DYNAMIC Thu Nov 20 10:25:38 UTC 2

/usr/bin/uname -p = x86_64
/bin/uname -X     = unknown

/bin/arch              = x86_64
/usr/bin/arch -k       = unknown
/usr/convex/getsysinfo = unknown
/usr/bin/hostinfo      = unknown
/bin/machine           = unknown
/usr/bin/oslevel       = unknown
/bin/universe          = unknown

PATH: /usr/local/sbin/
PATH: /usr/local/bin/
PATH: /usr/sbin/
PATH: /usr/bin/
PATH: /sbin/
PATH: /bin/
PATH: /usr/games/
PATH: /usr/local/games/
PATH: /snap/bin/
PATH: /snap/bin/


## ----------- ##
## Core tests. ##
## ----------- ##

configure:2570: looking for aux files: ar-lib compile missing install-sh config.guess config.sub
configure:2583:  trying ../
configure:2612:   ../ar-lib found
configure:2612:   ../compile found
configure:2612:   ../missing found
configure:2594:   ../install-sh found
configure:2612:   ../config.guess found
configure:2612:   ../config.sub found
configure:2731: checking build system type
configure:2746: result: x86_64-pc-linux-gnu
configure:2766: checking host system type
configure:2780: result: x86_64-pc-linux-gnu
configure:2800: checking target system type
configure:2814: result: x86_64-pc-linux-gnu
configure:2904: checking for gsed
configure:2940: result: sed
configure:2968: checking for a BSD-compatible install
configure:3041: result: /usr/bin/install -c
configure:3052: checking whether build environment is sane
configure:3107: result: yes
configure:3262: checking for a race-free mkdir -p
configure:3306: result: /usr/bin/mkdir -p
configure:3313: checking for gawk
configure:3334: found /usr/bin/gawk
configure:3345: result: gawk
configure:3356: checking whether make sets $(MAKE)
configure:3379: result: yes
configure:3409: checking whether make supports nested variables
configure:3427: result: yes
configure:3576: checking whether make supports nested variables
configure:3594: result: yes
configure:3608: checking whether to enable maintainer-specific portions of Makefiles
configure:3618: result: yes
configure:3645: checking for gawk
configure:3677: result: gawk
configure:3688: checking for GNU make
configure:3705: result: make
configure:3780: checking for a sed that does not truncate output
configure:3850: result: /usr/bin/sed
configure:3869: checking whether to build with code coverage support
configure:3890: result: no
configure:4279: checking whether to enable debugging
configure:4313: result: yes
configure:4393: checking whether make supports the include directive
configure:4408: make -f confmf.GNU && cat confinc.out
this is the am__doit target
configure:4411: $? = 0
configure:4430: result: yes (GNU style)
configure:4506: checking for gcc
configure:4527: found /usr/bin/gcc
configure:4538: result: gcc
configure:4891: checking for C compiler version
configure:4900: gcc --version >&5
gcc (Ubuntu 13.3.0-6ubuntu2~24.04) 13.3.0
Copyright (C) 2023 Free Software Foundation, Inc.
This is free software; see the source for copying conditions.  There is NO
warranty; not even for MERCHANTABILITY or FITNESS FOR A PARTICULAR PURPOSE.

configure:4911: $? = 0
configure:4900: gcc -v >&5
Using built-in specs.
COLLECT_GCC=gcc
COLLECT_LTO_WRAPPER=/usr/libexec/gcc/x86_64-linux-gnu/13/lto-wrapper
OFFLOAD_TARGET_NAMES=nvptx-none:amdgcn-amdhsa
OFFLOAD_TARGET_DEFAULT=1
Target: x86_64-linux-gnu
Configured with: ../src/configure -v --with-pkgversion='Ubuntu 13.3.0-6ubuntu2~24.04' --with-bugurl=file:///usr/share/doc/gcc-13/README.Bugs --enable-languages=c,ada,c++,go,d,fortran,objc,obj-c++,m2 --prefix=/usr --with-gcc-major-version-only --program-suffix=-13 --program-prefix=x86_64-linux-gnu- --enable-shared --enable-linker-build-id --libexecdir=/usr/libexec --without-included-gettext --enable-threads=posix --libdir=/usr/lib --enable-nls --enable-bootstrap --enable-clocale=gnu --enable-libstdcxx-debug --enable-libstdcxx-time=yes --with-default-libstdcxx-abi=new --enable-libstdcxx-backtrace --enable-gnu-unique-object --disable-vtable-verify --enable-plugin --enable-default-pie --with-system-zlib --enable-libphobos-checking=release --with-target-system-zlib=auto --enable-objc-gc=auto --enable-multiarch --disable-werror --enable-cet --with-arch-32=i686 --with-abi=m64 --with-multilib-list=m32,m64,mx32 --enable-multilib --with-tune=generic --enable-offload-targets=nvptx-none=/build/gcc-13-fG75Ri/gcc-13-13.3.0/debian/tmp-nvptx/usr,amdgcn-amdhsa=/build/gcc-13-fG75Ri/gcc-13-13.3.0/debian/tmp-gcn/usr --enable-offload-defaulted --without-cuda-driver --enable-checking=release --build=x86_64-linux-gnu --host=x86_64-linux-gnu --target=x86_64-linux-gnu --with-build-config=bootstrap-lto-lean --enable-link-serialization=2
Thread model: posix
Supported LTO compression algorithms: zlib zstd
gcc version 13.3.0 (Ubuntu 13.3.0-6ubuntu2~24.04) 
... rest of stderr output deleted ...
configure:4911: $? = 0
configure:4900: gcc -V >&5
gcc: error: unrecognized command-line option '-V'
gcc: fatal error: no input files
compilation terminated.
configure:4911: $? = 1
configure:4900: gcc -qversion >&5
gcc: error: unrecognized command-line option '-qversion'; did you mean '--version'?
gcc: fatal error: no input files
compilation terminated.
configure:4911: $? = 1
configure:4900: gcc -version >&5
gcc: error: unrecognized command-line option '-version'
gcc: fatal error: no input files
compilation terminated.
configure:4911: $? = 1
configure:4931: checking whether the C compiler works
configure:4953: gcc  -g -O0   conftest.c  >&5
configure:4957: $? = 0
configure:5007: result: yes
configure:5010: checking for C compiler default output file name
configure:5012: result: a.out
configure:5018: checking for suffix of executables
configure:5025: gcc -o conftest  -g -O0   conftest.c  >&5
configure:5029: $? = 0
configure:5052: result: 
configure:5074: checking whether we are cross compiling
configure:5082: gcc -o conftest  -g -O0   conftest.c  >&5
configure:5086: $? = 0
configure:5093: ./conftest
configure:5097: $? = 0
configure:5112: result: no
configure:5117: checking for suffix of object files
configure:5140: gcc -c  -g -O0  conftest.c >&5
configure:5144: $? = 0
configure:5166: result: o
configure:5170: checking whether the compiler supports GNU C
configure:5190: gcc -c  -g -O0  conftest.c >&5
configure:5190: $? = 0
configure:5200: result: yes
configure:5211: checking whether gcc accepts -g
configure:5232: gcc -c -g  conftest.c >&5
configure:5232: $? = 0
configure:5276: result: yes
configure:5296: checking for gcc option to enable C11 features
configure:5311: gcc  -c  -g -O0  conftest.c >&5
configure:5311: $? = 0
configure:5329: result: none needed
configure:5445: checking whether gcc understands -c and -o together
configure:5468: gcc -c conftest.c -o conftest2.o
configure:5471: $? = 0
configure:5468: gcc -c conftest.c -o conftest2.o
configure:5471: $? = 0
configure:5483: result: yes
configure:5502: checking dependency style of gcc
configure:5614: result: gcc3
configure:5637: checking for stdio.h
configure:5637: gcc -c  -g -O0  conftest.c >&5
configure:5637: $? = 0
configure:5637: result: yes
configure:5637: checking for stdlib.h
configure:5637: gcc -c  -g -O0  conftest.c >&5
configure:5637: $? = 0
configure:5637: result: yes
configure:5637: checking for string.h
configure:5637: gcc -c  -g -O0  conftest.c >&5
configure:5637: $? = 0
configure:5637: result: yes
configure:5637: checking for inttypes.h
configure:5637: gcc -c  -g -O0  conftest.c >&5
configure:5637: $? = 0
configure:5637: result: yes
configure:5637: checking for stdint.h
configure:5637: gcc -c  -g -O0  conftest.c >&5
configure:5637: $? = 0
configure:5637: result: yes
configure:5637: checking for strings.h
configure:5637: gcc -c  -g -O0  conftest.c >&5
configure:5637: $? = 0
configure:5637: result: yes
configure:5637: checking for sys/stat.h
configure:5637: gcc -c  -g -O0  conftest.c >&5
configure:5637: $? = 0
configure:5637: result: yes
configure:5637: checking for sys/types.h
configure:5637: gcc -c  -g -O0  conftest.c >&5
configure:5637: $? = 0
configure:5637: result: yes
configure:5637: checking for unistd.h
configure:5637: gcc -c  -g -O0  conftest.c >&5
configure:5637: $? = 0
configure:5637: result: yes
configure:5637: checking for wchar.h
configure:5637: gcc -c  -g -O0  conftest.c >&5
configure:5637: $? = 0
configure:5637: result: yes
configure:5637: checking for minix/config.h
configure:5637: gcc -c  -g -O0  conftest.c >&5
conftest.c:50:10: fatal error: minix/config.h: No such file or directory
   50 | #include <minix/config.h>
      |          ^~~~~~~~~~~~~~~~
compilation terminated.
configure:5637: $? = 1
configure: failed program was:
| /* confdefs.h */
| #define PACKAGE_NAME "i3lock-color"
| #define PACKAGE_TARNAME "i3lock-color"
| #define PACKAGE_VERSION "2.12"
| #define PACKAGE_STRING "i3lock-color 2.12"
| #define PACKAGE_BUGREPORT "https://github.com/PandorasFox/i3lock-color/issues"
| #define PACKAGE_URL ""
| #define PACKAGE "i3lock-color"
| #define VERSION "2.12"
| #define I3LOCK_VERSION "2.12.c-68-gabdfd4d (2020-03-08, branch \"master\")"
| #define HAVE_STDIO_H 1
| #define HAVE_STDLIB_H 1
| #define HAVE_STRING_H 1
| #define HAVE_INTTYPES_H 1
| #define HAVE_STDINT_H 1
| #define HAVE_STRINGS_H 1
| #define HAVE_SYS_STAT_H 1
| #define HAVE_SYS_TYPES_H 1
| #define HAVE_UNISTD_H 1
| #define HAVE_WCHAR_H 1
| /* end confdefs.h.  */
| #include <stddef.h>
| #ifdef HAVE_STDIO_H
| # include <stdio.h>
| #endif
| #ifdef HAVE_STDLIB_H
| # include <stdlib.h>
| #endif
| #ifdef HAVE_STRING_H
| # include <string.h>
| #endif
| #ifdef HAVE_INTTYPES_H
| # include <inttypes.h>
| #endif
| #ifdef HAVE_STDINT_H
| # include <stdint.h>
| #endif
| #ifdef HAVE_STRINGS_H
| # include <strings.h>
| #endif
| #ifdef HAVE_SYS_TYPES_H
| # include <sys/types.h>
| #endif
| #ifdef HAVE_SYS_STAT_H
| # include <sys/stat.h>
| #endif
| #ifdef HAVE_UNISTD_H
| # include <unistd.h>
| #endif
| #include <minix/config.h>
configure:5637: result: no
configure:5637: checking for vfork.h
configure:5637: gcc -c  -g -O0  conftest.c >&5
conftest.c:50:10: fatal error: vfork.h: No such file or directory
   50 | #include <vfork.h>
      |          ^~~~~~~~~
compilation terminated.
configure:5637: $? = 1
configure: failed program was:
| /* confdefs.h */
| #define PACKAGE_NAME "i3lock-color"
| #define PACKAGE_TARNAME "i3lock-color"
| #define PACKAGE_VERSION "2.12"
| #define PACKAGE_STRING "i3lock-color 2.12"
| #define PACKAGE_BUGREPORT "https://github.com/PandorasFox/i3lock-color/issues"
| #define PACKAGE_URL ""
| #define PACKAGE "i3lock-color"
| #define VERSION "2.12"
| #define I3LOCK_VERSION "2.12.c-68-gabdfd4d (2020-03-08, branch \"master\")"
| #define HAVE_STDIO_H 1
| #define HAVE_STDLIB_H 1
| #define HAVE_STRING_H 1
| #define HAVE_INTTYPES_H 1
| #define HAVE_STDINT_H 1
| #define HAVE_STRINGS_H 1
| #define HAVE_SYS_STAT_H 1
| #define HAVE_SYS_TYPES_H 1
| #define HAVE_UNISTD_H 1
| #define HAVE_WCHAR_H 1
| /* end confdefs.h.  */
| #include <stddef.h>
| #ifdef HAVE_STDIO_H
| # include <stdio.h>
| #endif
| #ifdef HAVE_STDLIB_H
| # include <stdlib.h>
| #endif
| #ifdef HAVE_STRING_H
| # include <string.h>
| #endif
| #ifdef HAVE_INTTYPES_H
| # include <inttypes.h>
| #endif
| #ifdef HAVE_STDINT_H
| # include <stdint.h>
| #endif
| #ifdef HAVE_STRINGS_H
| # include <strings.h>
| #endif
| #ifdef HAVE_SYS_TYPES_H
| # include <sys/types.h>
| #endif
| #ifdef HAVE_SYS_STAT_H
| # include <sys/stat.h>
| #endif
| #ifdef HAVE_UNISTD_H
| # include <unistd.h>
| #endif
| #include <vfork.h>
configure:5637: result: no
configure:5668: checking whether it is safe to define __EXTENSIONS__
configure:5687: gcc -c  -g -O0  conftest.c >&5
configure:5687: $? = 0
configure:5695: result: yes
configure:5698: checking whether _XOPEN_SOURCE should be defined
configure:5720: gcc -c  -g -O0  conftest.c >&5
configure:5720: $? = 0
configure:5747: result: no
configure:5805: checking for _Bool
configure:5805: gcc -c  -g -O0  conftest.c >&5
configure:5805: $? = 0
configure:5805: gcc -c  -g -O0  conftest.c >&5
conftest.c: In function 'main':
conftest.c:70:20: error: expected expression before ')' token
   70 | if (sizeof ((_Bool)))
      |                    ^
configure:5805: $? = 1
configure: failed program was:
| /* confdefs.h */
| #define PACKAGE_NAME "i3lock-color"
| #define PACKAGE_TARNAME "i3lock-color"
| #define PACKAGE_VERSION "2.12"
| #define PACKAGE_STRING "i3lock-color 2.12"
| #define PACKAGE_BUGREPORT "https://github.com/PandorasFox/i3lock-color/issues"
| #define PACKAGE_URL ""
| #define PACKAGE "i3lock-color"
| #define VERSION "2.12"
| #define I3LOCK_VERSION "2.12.c-68-gabdfd4d (2020-03-08, branch \"master\")"
| #define HAVE_STDIO_H 1
| #define HAVE_STDLIB_H 1
| #define HAVE_STRING_H 1
| #define HAVE_INTTYPES_H 1
| #define HAVE_STDINT_H 1
| #define HAVE_STRINGS_H 1
| #define HAVE_SYS_STAT_H 1
| #define HAVE_SYS_TYPES_H 1
| #define HAVE_UNISTD_H 1
| #define HAVE_WCHAR_H 1
| #define STDC_HEADERS 1
| #define _ALL_SOURCE 1
| #define _DARWIN_C_SOURCE 1
| #define _GNU_SOURCE 1
| #define _HPUX_ALT_XOPEN_SOCKET_API 1
| #define _NETBSD_SOURCE 1
| #define _OPENBSD_SOURCE 1
| #define _POSIX_PTHREAD_SEMANTICS 1
| #define __STDC_WANT_IEC_60559_ATTRIBS_EXT__ 1
| #define __STDC_WANT_IEC_60559_BFP_EXT__ 1
| #define __STDC_WANT_IEC_60559_DFP_EXT__ 1
| #define __STDC_WANT_IEC_60559_FUNCS_EXT__ 1
| #define __STDC_WANT_IEC_60559_TYPES_EXT__ 1
| #define __STDC_WANT_LIB_EXT2__ 1
| #define __STDC_WANT_MATH_SPEC_FUNCS__ 1
| #define _TANDEM_SOURCE 1
| #define __EXTENSIONS__ 1
| /* end confdefs.h.  */
| #include <stddef.h>
| #ifdef HAVE_STDIO_H
| # include <stdio.h>
| #endif
| #ifdef HAVE_STDLIB_H
| # include <stdlib.h>
| #endif
| #ifdef HAVE_STRING_H
| # include <string.h>
| #endif
| #ifdef HAVE_INTTYPES_H
| # include <inttypes.h>
| #endif
| #ifdef HAVE_STDINT_H
| # include <stdint.h>
| #endif
| #ifdef HAVE_STRINGS_H
| # include <strings.h>
| #endif
| #ifdef HAVE_SYS_TYPES_H
| # include <sys/types.h>
| #endif
| #ifdef HAVE_SYS_STAT_H
| # include <sys/stat.h>
| #endif
| #ifdef HAVE_UNISTD_H
| # include <unistd.h>
| #endif
| int
| main (void)
| {
| if (sizeof ((_Bool)))
| 	    return 0;
|   ;
|   return 0;
| }
configure:5805: result: yes
configure:5814: checking for stdbool.h that conforms to C99
configure:5930: gcc -c  -g -O0  conftest.c >&5
configure:5930: $? = 0
configure:5938: result: yes
configure:5941: checking for mode_t
configure:5941: gcc -c  -g -O0  conftest.c >&5
configure:5941: $? = 0
configure:5941: gcc -c  -g -O0  conftest.c >&5
conftest.c: In function 'main':
conftest.c:71:21: error: expected expression before ')' token
   71 | if (sizeof ((mode_t)))
      |                     ^
configure:5941: $? = 1
configure: failed program was:
| /* confdefs.h */
| #define PACKAGE_NAME "i3lock-color"
| #define PACKAGE_TARNAME "i3lock-color"
| #define PACKAGE_VERSION "2.12"
| #define PACKAGE_STRING "i3lock-color 2.12"
| #define PACKAGE_BUGREPORT "https://github.com/PandorasFox/i3lock-color/issues"
| #define PACKAGE_URL ""
| #define PACKAGE "i3lock-color"
| #define VERSION "2.12"
| #define I3LOCK_VERSION "2.12.c-68-gabdfd4d (2020-03-08, branch \"master\")"
| #define HAVE_STDIO_H 1
| #define HAVE_STDLIB_H 1
| #define HAVE_STRING_H 1
| #define HAVE_INTTYPES_H 1
| #define HAVE_STDINT_H 1
| #define HAVE_STRINGS_H 1
| #define HAVE_SYS_STAT_H 1
| #define HAVE_SYS_TYPES_H 1
| #define HAVE_UNISTD_H 1
| #define HAVE_WCHAR_H 1
| #define STDC_HEADERS 1
| #define _ALL_SOURCE 1
| #define _DARWIN_C_SOURCE 1
| #define _GNU_SOURCE 1
| #define _HPUX_ALT_XOPEN_SOCKET_API 1
| #define _NETBSD_SOURCE 1
| #define _OPENBSD_SOURCE 1
| #define _POSIX_PTHREAD_SEMANTICS 1
| #define __STDC_WANT_IEC_60559_ATTRIBS_EXT__ 1
| #define __STDC_WANT_IEC_60559_BFP_EXT__ 1
| #define __STDC_WANT_IEC_60559_DFP_EXT__ 1
| #define __STDC_WANT_IEC_60559_FUNCS_EXT__ 1
| #define __STDC_WANT_IEC_60559_TYPES_EXT__ 1
| #define __STDC_WANT_LIB_EXT2__ 1
| #define __STDC_WANT_MATH_SPEC_FUNCS__ 1
| #define _TANDEM_SOURCE 1
| #define __EXTENSIONS__ 1
| #define HAVE__BOOL 1
| /* end confdefs.h.  */
| #include <stddef.h>
| #ifdef HAVE_STDIO_H
| # include <stdio.h>
| #endif
| #ifdef HAVE_STDLIB_H
| # include <stdlib.h>
| #endif
| #ifdef HAVE_STRING_H
| # include <string.h>
| #endif
| #ifdef HAVE_INTTYPES_H
| # include <inttypes.h>
| #endif
| #ifdef HAVE_STDINT_H
| # include <stdint.h>
| #endif
| #ifdef HAVE_STRINGS_H
| # include <strings.h>
| #endif
| #ifdef HAVE_SYS_TYPES_H
| # include <sys/types.h>
| #endif
| #ifdef HAVE_SYS_STAT_H
| # include <sys/stat.h>
| #endif
| #ifdef HAVE_UNISTD_H
| # include <unistd.h>
| #endif
| int
| main (void)
| {
| if (sizeof ((mode_t)))
| 	    return 0;
|   ;
|   return 0;
| }
configure:5941: result: yes
configure:5954: checking for off_t
configure:5954: gcc -c  -g -O0  conftest.c >&5
configure:5954: $? = 0
configure:5954: gcc -c  -g -O0  conftest.c >&5
conftest.c: In function 'main':
conftest.c:72:20: error: expected expression before ')' token
   72 | if (sizeof ((off_t)))
      |                    ^
configure:5954: $? = 1
configure: failed program was:
| /* confdefs.h */
| #define PACKAGE_NAME "i3lock-color"
| #define PACKAGE_TARNAME "i3lock-color"
| #define PACKAGE_VERSION "2.12"
| #define PACKAGE_STRING "i3lock-color 2.12"
| #define PACKAGE_BUGREPORT "https://github.com/PandorasFox/i3lock-color/issues"
| #define PACKAGE_URL ""
| #define PACKAGE "i3lock-color"
| #define VERSION "2.12"
| #define I3LOCK_VERSION "2.12.c-68-gabdfd4d (2020-03-08, branch \"master\")"
| #define HAVE_STDIO_H 1
| #define HAVE_STDLIB_H 1
| #define HAVE_STRING_H 1
| #define HAVE_INTTYPES_H 1
| #define HAVE_STDINT_H 1
| #define HAVE_STRINGS_H 1
| #define HAVE_SYS_STAT_H 1
| #define HAVE_SYS_TYPES_H 1
| #define HAVE_UNISTD_H 1
| #define HAVE_WCHAR_H 1
| #define STDC_HEADERS 1
| #define _ALL_SOURCE 1
| #define _DARWIN_C_SOURCE 1
| #define _GNU_SOURCE 1
| #define _HPUX_ALT_XOPEN_SOCKET_API 1
| #define _NETBSD_SOURCE 1
| #define _OPENBSD_SOURCE 1
| #define _POSIX_PTHREAD_SEMANTICS 1
| #define __STDC_WANT_IEC_60559_ATTRIBS_EXT__ 1
| #define __STDC_WANT_IEC_60559_BFP_EXT__ 1
| #define __STDC_WANT_IEC_60559_DFP_EXT__ 1
| #define __STDC_WANT_IEC_60559_FUNCS_EXT__ 1
| #define __STDC_WANT_IEC_60559_TYPES_EXT__ 1
| #define __STDC_WANT_LIB_EXT2__ 1
| #define __STDC_WANT_MATH_SPEC_FUNCS__ 1
| #define _TANDEM_SOURCE 1
| #define __EXTENSIONS__ 1
| #define HAVE__BOOL 1
| #define HAVE_MODE_T 1
| /* end confdefs.h.  */
| #include <stddef.h>
| #ifdef HAVE_STDIO_H
| # include <stdio.h>
| #endif
| #ifdef HAVE_STDLIB_H
| # include <stdlib.h>
| #endif
| #ifdef HAVE_STRING_H
| # include <string.h>
| #endif
| #ifdef HAVE_INTTYPES_H
| # include <inttypes.h>
| #endif
| #ifdef HAVE_STDINT_H
| # include <stdint.h>
| #endif
| #ifdef HAVE_STRINGS_H
| # include <strings.h>
| #endif
| #ifdef HAVE_SYS_TYPES_H
| # include <sys/types.h>
| #endif
| #ifdef HAVE_SYS_STAT_H
| # include <sys/stat.h>
| #endif
| #ifdef HAVE_UNISTD_H
| # include <unistd.h>
| #endif
| int
| main (void)
| {
| if (sizeof ((off_t)))
| 	    return 0;
|   ;
|   return 0;
| }
configure:5954: result: yes
configure:5967: checking for pid_t
configure:5967: gcc -c  -g -O0  conftest.c >&5
configure:5967: $? = 0
configure:5967: gcc -c  -g -O0  conftest.c >&5
conftest.c: In function 'main':
conftest.c:73:20: error: expected expression before ')' token
   73 | if (sizeof ((pid_t)))
      |                    ^
configure:5967: $? = 1
configure: failed program was:
| /* confdefs.h */
| #define PACKAGE_NAME "i3lock-color"
| #define PACKAGE_TARNAME "i3lock-color"
| #define PACKAGE_VERSION "2.12"
| #define PACKAGE_STRING "i3lock-color 2.12"
| #define PACKAGE_BUGREPORT "https://github.com/PandorasFox/i3lock-color/issues"
| #define PACKAGE_URL ""
| #define PACKAGE "i3lock-color"
| #define VERSION "2.12"
| #define I3LOCK_VERSION "2.12.c-68-gabdfd4d (2020-03-08, branch \"master\")"
| #define HAVE_STDIO_H 1
| #define HAVE_STDLIB_H 1
| #define HAVE_STRING_H 1
| #define HAVE_INTTYPES_H 1
| #define HAVE_STDINT_H 1
| #define HAVE_STRINGS_H 1
| #define HAVE_SYS_STAT_H 1
| #define HAVE_SYS_TYPES_H 1
| #define HAVE_UNISTD_H 1
| #define HAVE_WCHAR_H 1
| #define STDC_HEADERS 1
| #define _ALL_SOURCE 1
| #define _DARWIN_C_SOURCE 1
| #define _GNU_SOURCE 1
| #define _HPUX_ALT_XOPEN_SOCKET_API 1
| #define _NETBSD_SOURCE 1
| #define _OPENBSD_SOURCE 1
| #define _POSIX_PTHREAD_SEMANTICS 1
| #define __STDC_WANT_IEC_60559_ATTRIBS_EXT__ 1
| #define __STDC_WANT_IEC_60559_BFP_EXT__ 1
| #define __STDC_WANT_IEC_60559_DFP_EXT__ 1
| #define __STDC_WANT_IEC_60559_FUNCS_EXT__ 1
| #define __STDC_WANT_IEC_60559_TYPES_EXT__ 1
| #define __STDC_WANT_LIB_EXT2__ 1
| #define __STDC_WANT_MATH_SPEC_FUNCS__ 1
| #define _TANDEM_SOURCE 1
| #define __EXTENSIONS__ 1
| #define HAVE__BOOL 1
| #define HAVE_MODE_T 1
| #define HAVE_OFF_T 1
| /* end confdefs.h.  */
| #include <stddef.h>
| #ifdef HAVE_STDIO_H
| # include <stdio.h>
| #endif
| #ifdef HAVE_STDLIB_H
| # include <stdlib.h>
| #endif
| #ifdef HAVE_STRING_H
| # include <string.h>
| #endif
| #ifdef HAVE_INTTYPES_H
| # include <inttypes.h>
| #endif
| #ifdef HAVE_STDINT_H
| # include <stdint.h>
| #endif
| #ifdef HAVE_STRINGS_H
| # include <strings.h>
| #endif
| #ifdef HAVE_SYS_TYPES_H
| # include <sys/types.h>
| #endif
| #ifdef HAVE_SYS_STAT_H
| # include <sys/stat.h>
| #endif
| #ifdef HAVE_UNISTD_H
| # include <unistd.h>
| #endif
| int
| main (void)
| {
| if (sizeof ((pid_t)))
| 	    return 0;
|   ;
|   return 0;
| }
configure:5967: result: yes
configure:5980: checking for size_t
configure:5980: gcc -c  -g -O0  conftest.c >&5
configure:5980: $? = 0
configure:5980: gcc -c  -g -O0  conftest.c >&5
conftest.c: In function 'main':
conftest.c:74:21: error: expected expression before ')' token
   74 | if (sizeof ((size_t)))
      |                     ^
configure:5980: $? = 1
configure: failed program was:
| /* confdefs.h */
| #define PACKAGE_NAME "i3lock-color"
| #define PACKAGE_TARNAME "i3lock-color"
| #define PACKAGE_VERSION "2.12"
| #define PACKAGE_STRING "i3lock-color 2.12"
| #define PACKAGE_BUGREPORT "https://github.com/PandorasFox/i3lock-color/issues"
| #define PACKAGE_URL ""
| #define PACKAGE "i3lock-color"
| #define VERSION "2.12"
| #define I3LOCK_VERSION "2.12.c-68-gabdfd4d (2020-03-08, branch \"master\")"
| #define HAVE_STDIO_H 1
| #define HAVE_STDLIB_H 1
| #define HAVE_STRING_H 1
| #define HAVE_INTTYPES_H 1
| #define HAVE_STDINT_H 1
| #define HAVE_STRINGS_H 1
| #define HAVE_SYS_STAT_H 1
| #define HAVE_SYS_TYPES_H 1
| #define HAVE_UNISTD_H 1
| #define HAVE_WCHAR_H 1
| #define STDC_HEADERS 1
| #define _ALL_SOURCE 1
| #define _DARWIN_C_SOURCE 1
| #define _GNU_SOURCE 1
| #define _HPUX_ALT_XOPEN_SOCKET_API 1
| #define _NETBSD_SOURCE 1
| #define _OPENBSD_SOURCE 1
| #define _POSIX_PTHREAD_SEMANTICS 1
| #define __STDC_WANT_IEC_60559_ATTRIBS_EXT__ 1
| #define __STDC_WANT_IEC_60559_BFP_EXT__ 1
| #define __STDC_WANT_IEC_60559_DFP_EXT__ 1
| #define __STDC_WANT_IEC_60559_FUNCS_EXT__ 1
| #define __STDC_WANT_IEC_60559_TYPES_EXT__ 1
| #define __STDC_WANT_LIB_EXT2__ 1
| #define __STDC_WANT_MATH_SPEC_FUNCS__ 1
| #define _TANDEM_SOURCE 1
| #define __EXTENSIONS__ 1
| #define HAVE__BOOL 1
| #define HAVE_MODE_T 1
| #define HAVE_OFF_T 1
| #define HAVE_PID_T 1
| /* end confdefs.h.  */
| #include <stddef.h>
| #ifdef HAVE_STDIO_H
| # include <stdio.h>
| #endif
| #ifdef HAVE_STDLIB_H
| # include <stdlib.h>
| #endif
| #ifdef HAVE_STRING_H
| # include <string.h>
| #endif
| #ifdef HAVE_INTTYPES_H
| # include <inttypes.h>
| #endif
| #ifdef HAVE_STDINT_H
| # include <stdint.h>
| #endif
| #ifdef HAVE_STRINGS_H
| # include <strings.h>
| #endif
| #ifdef HAVE_SYS_TYPES_H
| # include <sys/types.h>
| #endif
| #ifdef HAVE_SYS_STAT_H
| # include <sys/stat.h>
| #endif
| #ifdef HAVE_UNISTD_H
| # include <unistd.h>
| #endif
| int
| main (void)
| {
| if (sizeof ((size_t)))
| 	    return 0;
|   ;
|   return 0;
| }
configure:5980: result: yes
configure:5993: checking for ssize_t
configure:5993: gcc -c  -g -O0  conftest.c >&5
configure:5993: $? = 0
configure:5993: gcc -c  -g -O0  conftest.c >&5
conftest.c: In function 'main':
conftest.c:75:22: error: expected expression before ')' token
   75 | if (sizeof ((ssize_t)))
      |                      ^
configure:5993: $? = 1
configure: failed program was:
| /* confdefs.h */
| #define PACKAGE_NAME "i3lock-color"
| #define PACKAGE_TARNAME "i3lock-color"
| #define PACKAGE_VERSION "2.12"
| #define PACKAGE_STRING "i3lock-color 2.12"
| #define PACKAGE_BUGREPORT "https://github.com/PandorasFox/i3lock-color/issues"
| #define PACKAGE_URL ""
| #define PACKAGE "i3lock-color"
| #define VERSION "2.12"
| #define I3LOCK_VERSION "2.12.c-68-gabdfd4d (2020-03-08, branch \"master\")"
| #define HAVE_STDIO_H 1
| #define HAVE_STDLIB_H 1
| #define HAVE_STRING_H 1
| #define HAVE_INTTYPES_H 1
| #define HAVE_STDINT_H 1
| #define HAVE_STRINGS_H 1
| #define HAVE_SYS_STAT_H 1
| #define HAVE_SYS_TYPES_H 1
| #define HAVE_UNISTD_H 1
| #define HAVE_WCHAR_H 1
| #define STDC_HEADERS 1
| #define _ALL_SOURCE 1
| #define _DARWIN_C_SOURCE 1
| #define _GNU_SOURCE 1
| #define _HPUX_ALT_XOPEN_SOCKET_API 1
| #define _NETBSD_SOURCE 1
| #define _OPENBSD_SOURCE 1
| #define _POSIX_PTHREAD_SEMANTICS 1
| #define __STDC_WANT_IEC_60559_ATTRIBS_EXT__ 1
| #define __STDC_WANT_IEC_60559_BFP_EXT__ 1
| #define __STDC_WANT_IEC_60559_DFP_EXT__ 1
| #define __STDC_WANT_IEC_60559_FUNCS_EXT__ 1
| #define __STDC_WANT_IEC_60559_TYPES_EXT__ 1
| #define __STDC_WANT_LIB_EXT2__ 1
| #define __STDC_WANT_MATH_SPEC_FUNCS__ 1
| #define _TANDEM_SOURCE 1
| #define __EXTENSIONS__ 1
| #define HAVE__BOOL 1
| #define HAVE_MODE_T 1
| #define HAVE_OFF_T 1
| #define HAVE_PID_T 1
| #define HAVE_SIZE_T 1
| /* end confdefs.h.  */
| #include <stddef.h>
| #ifdef HAVE_STDIO_H
| # include <stdio.h>
| #endif
| #ifdef HAVE_STDLIB_H
| # include <stdlib.h>
| #endif
| #ifdef HAVE_STRING_H
| # include <string.h>
| #endif
| #ifdef HAVE_INTTYPES_H
| # include <inttypes.h>
| #endif
| #ifdef HAVE_STDINT_H
| # include <stdint.h>
| #endif
| #ifdef HAVE_STRINGS_H
| # include <strings.h>
| #endif
| #ifdef HAVE_SYS_TYPES_H
| # include <sys/types.h>
| #endif
| #ifdef HAVE_SYS_STAT_H
| # include <sys/stat.h>
| #endif
| #ifdef HAVE_UNISTD_H
| # include <unistd.h>
| #endif
| int
| main (void)
| {
| if (sizeof ((ssize_t)))
| 	    return 0;
|   ;
|   return 0;
| }
configure:5993: result: yes
configure:6010: checking for pid_t
configure:6010: result: yes
configure:6051: checking for fork
configure:6051: gcc -o conftest  -g -O0   conftest.c  >&5
conftest.c:61:6: warning: conflicting types for built-in function 'fork'; expected 'int(void)' [-Wbuiltin-declaration-mismatch]
   61 | char fork ();
      |      ^~~~
configure:6051: $? = 0
configure:6051: result: yes
configure:6051: checking for vfork
configure:6051: gcc -o conftest  -g -O0   conftest.c  >&5
configure:6051: $? = 0
configure:6051: result: yes
configure:6064: checking for working fork
configure:6088: gcc -o conftest  -g -O0   conftest.c  >&5
configure:6088: $? = 0
configure:6088: ./conftest
configure:6088: $? = 0
configure:6099: result: yes
configure:6120: checking for working vfork
configure:6249: result: yes
configure:6274: checking whether lstat correctly handles trailing slash
configure:6307: gcc -o conftest  -g -O0   conftest.c  >&5
configure:6307: $? = 0
configure:6307: ./conftest
configure:6307: $? = 0
configure:6325: result: yes
configure:6342: checking for working strnlen
configure:6382: gcc -o conftest  -g -O0   conftest.c  >&5
configure:6382: $? = 0
configure:6382: ./conftest
configure:6382: $? = 0
configure:6393: result: yes
configure:6406: checking for atexit
configure:6406: gcc -o conftest  -g -O0   conftest.c  >&5
configure:6406: $? = 0
configure:6406: result: yes
configure:6406: checking for dup2
configure:6406: gcc -o conftest  -g -O0   conftest.c  >&5
configure:6406: $? = 0
configure:6406: result: yes
configure:6406: checking for ftruncate
configure:6406: gcc -o conftest  -g -O0   conftest.c  >&5
configure:6406: $? = 0
configure:6406: result: yes
configure:6406: checking for getcwd
configure:6406: gcc -o conftest  -g -O0   conftest.c  >&5
configure:6406: $? = 0
configure:6406: result: yes
configure:6406: checking for gettimeofday
configure:6406: gcc -o conftest  -g -O0   conftest.c  >&5
configure:6406: $? = 0
configure:6406: result: yes
configure:6406: checking for localtime_r
configure:6406: gcc -o conftest  -g -O0   conftest.c  >&5
configure:6406: $? = 0
configure:6406: result: yes
configure:6406: checking for memchr
configure:6406: gcc -o conftest  -g -O0   conftest.c  >&5
conftest.c:72:6: warning: conflicting types for built-in function 'memchr'; expected 'void *(const void *, int,  long unsigned int)' [-Wbuiltin-declaration-mismatch]
   72 | char memchr ();
      |      ^~~~~~
conftest.c:64:1: note: 'memchr' is declared in header '<string.h>'
   63 | #include <limits.h>
   64 | #undef memchr
configure:6406: $? = 0
configure:6406: result: yes
configure:6406: checking for memset
configure:6406: gcc -o conftest  -g -O0   conftest.c  >&5
conftest.c:73:6: warning: conflicting types for built-in function 'memset'; expected 'void *(void *, int,  long unsigned int)' [-Wbuiltin-declaration-mismatch]
   73 | char memset ();
      |      ^~~~~~
conftest.c:65:1: note: 'memset' is declared in header '<string.h>'
   64 | #include <limits.h>
   65 | #undef memset
configure:6406: $? = 0
configure:6406: result: yes
configure:6406: checking for mkdir
configure:6406: gcc -o conftest  -g -O0   conftest.c  >&5
configure:6406: $? = 0
configure:6406: result: yes
configure:6406: checking for rmdir
configure:6406: gcc -o conftest  -g -O0   conftest.c  >&5
configure:6406: $? = 0
configure:6406: result: yes
configure:6406: checking for setlocale
configure:6406: gcc -o conftest  -g -O0   conftest.c  >&5
configure:6406: $? = 0
configure:6406: result: yes
configure:6406: checking for socket
configure:6406: gcc -o conftest  -g -O0   conftest.c  >&5
configure:6406: $? = 0
configure:6406: result: yes
configure:6406: checking for strcasecmp
configure:6406: gcc -o conftest  -g -O0   conftest.c  >&5
conftest.c:78:6: warning: conflicting types for built-in function 'strcasecmp'; expected 'int(const char *, const char *)' [-Wbuiltin-declaration-mismatch]
   78 | char strcasecmp ();
      |      ^~~~~~~~~~
configure:6406: $? = 0
configure:6406: result: yes
configure:6406: checking for strchr
configure:6406: gcc -o conftest  -g -O0   conftest.c  >&5
conftest.c:79:6: warning: conflicting types for built-in function 'strchr'; expected 'char *(const char *, int)' [-Wbuiltin-declaration-mismatch]
   79 | char strchr ();
      |      ^~~~~~
conftest.c:71:1: note: 'strchr' is declared in header '<string.h>'
   70 | #include <limits.h>
   71 | #undef strchr
configure:6406: $? = 0
configure:6406: result: yes
configure:6406: checking for strdup
configure:6406: gcc -o conftest  -g -O0   conftest.c  >&5
conftest.c:80:6: warning: conflicting types for built-in function 'strdup'; expected 'char *(const char *)' [-Wbuiltin-declaration-mismatch]
   80 | char strdup ();
      |      ^~~~~~
configure:6406: $? = 0
configure:6406: result: yes
configure:6406: checking for strerror
configure:6406: gcc -o conftest  -g -O0   conftest.c  >&5
configure:6406: $? = 0
configure:6406: result: yes
configure:6406: checking for strncasecmp
configure:6406: gcc -o conftest  -g -O0   conftest.c  >&5
conftest.c:82:6: warning: conflicting types for built-in function 'strncasecmp'; expected 'int(const char *, const char *, long unsigned int)' [-Wbuiltin-declaration-mismatch]
   82 | char strncasecmp ();
      |      ^~~~~~~~~~~
configure:6406: $? = 0
configure:6406: result: yes
configure:6406: checking for strndup
configure:6406: gcc -o conftest  -g -O0   conftest.c  >&5
conftest.c:83:6: warning: conflicting types for built-in function 'strndup'; expected 'char *(const char *, long unsigned int)' [-Wbuiltin-declaration-mismatch]
   83 | char strndup ();
      |      ^~~~~~~
configure:6406: $? = 0
configure:6406: result: yes
configure:6406: checking for strrchr
configure:6406: gcc -o conftest  -g -O0   conftest.c  >&5
conftest.c:84:6: warning: conflicting types for built-in function 'strrchr'; expected 'char *(const char *, int)' [-Wbuiltin-declaration-mismatch]
   84 | char strrchr ();
      |      ^~~~~~~
conftest.c:76:1: note: 'strrchr' is declared in header '<string.h>'
   75 | #include <limits.h>
   76 | #undef strrchr
configure:6406: $? = 0
configure:6406: result: yes
configure:6406: checking for strspn
configure:6406: gcc -o conftest  -g -O0   conftest.c  >&5
conftest.c:85:6: warning: conflicting types for built-in function 'strspn'; expected 'long unsigned int(const char *, const char *)' [-Wbuiltin-declaration-mismatch]
   85 | char strspn ();
      |      ^~~~~~
conftest.c:77:1: note: 'strspn' is declared in header '<string.h>'
   76 | #include <limits.h>
   77 | #undef strspn
configure:6406: $? = 0
configure:6406: result: yes
configure:6406: checking for strstr
configure:6406: gcc -o conftest  -g -O0   conftest.c  >&5
conftest.c:86:6: warning: conflicting types for built-in function 'strstr'; expected 'char *(const char *, const char *)' [-Wbuiltin-declaration-mismatch]
   86 | char strstr ();
      |      ^~~~~~
conftest.c:78:1: note: 'strstr' is declared in header '<string.h>'
   77 | #include <limits.h>
   78 | #undef strstr
configure:6406: $? = 0
configure:6406: result: yes
configure:6406: checking for strtol
configure:6406: gcc -o conftest  -g -O0   conftest.c  >&5
configure:6406: $? = 0
configure:6406: result: yes
configure:6406: checking for strtoul
configure:6406: gcc -o conftest  -g -O0   conftest.c  >&5
configure:6406: $? = 0
configure:6406: result: yes
configure:6424: checking for library containing floor
configure:6454: gcc -o conftest  -g -O0   conftest.c  >&5
conftest.c:77:6: warning: conflicting types for built-in function 'floor'; expected 'double(double)' [-Wbuiltin-declaration-mismatch]
   77 | char floor ();
      |      ^~~~~
conftest.c:1:1: note: 'floor' is declared in header '<math.h>'
    1 | /* confdefs.h */
/usr/bin/ld: /tmp/ccK3mO1s.o: in function `main':
/home/remi.legrand@Digital-Grenoble.local/.config/i3/i3lock-color/x86_64-pc-linux-gnu/conftest.c:81:(.text+0xe): undefined reference to `floor'
collect2: error: ld returned 1 exit status
configure:6454: $? = 1
configure: failed program was:
| /* confdefs.h */
| #define PACKAGE_NAME "i3lock-color"
| #define PACKAGE_TARNAME "i3lock-color"
| #define PACKAGE_VERSION "2.12"
| #define PACKAGE_STRING "i3lock-color 2.12"
| #define PACKAGE_BUGREPORT "https://github.com/PandorasFox/i3lock-color/issues"
| #define PACKAGE_URL ""
| #define PACKAGE "i3lock-color"
| #define VERSION "2.12"
| #define I3LOCK_VERSION "2.12.c-68-gabdfd4d (2020-03-08, branch \"master\")"
| #define HAVE_STDIO_H 1
| #define HAVE_STDLIB_H 1
| #define HAVE_STRING_H 1
| #define HAVE_INTTYPES_H 1
| #define HAVE_STDINT_H 1
| #define HAVE_STRINGS_H 1
| #define HAVE_SYS_STAT_H 1
| #define HAVE_SYS_TYPES_H 1
| #define HAVE_UNISTD_H 1
| #define HAVE_WCHAR_H 1
| #define STDC_HEADERS 1
| #define _ALL_SOURCE 1
| #define _DARWIN_C_SOURCE 1
| #define _GNU_SOURCE 1
| #define _HPUX_ALT_XOPEN_SOCKET_API 1
| #define _NETBSD_SOURCE 1
| #define _OPENBSD_SOURCE 1
| #define _POSIX_PTHREAD_SEMANTICS 1
| #define __STDC_WANT_IEC_60559_ATTRIBS_EXT__ 1
| #define __STDC_WANT_IEC_60559_BFP_EXT__ 1
| #define __STDC_WANT_IEC_60559_DFP_EXT__ 1
| #define __STDC_WANT_IEC_60559_FUNCS_EXT__ 1
| #define __STDC_WANT_IEC_60559_TYPES_EXT__ 1
| #define __STDC_WANT_LIB_EXT2__ 1
| #define __STDC_WANT_MATH_SPEC_FUNCS__ 1
| #define _TANDEM_SOURCE 1
| #define __EXTENSIONS__ 1
| #define HAVE__BOOL 1
| #define HAVE_MODE_T 1
| #define HAVE_OFF_T 1
| #define HAVE_PID_T 1
| #define HAVE_SIZE_T 1
| #define HAVE_SSIZE_T 1
| #define HAVE_FORK 1
| #define HAVE_VFORK 1
| #define HAVE_WORKING_VFORK 1
| #define HAVE_WORKING_FORK 1
| #define LSTAT_FOLLOWS_SLASHED_SYMLINK 1
| #define HAVE_ATEXIT 1
| #define HAVE_DUP2 1
| #define HAVE_FTRUNCATE 1
| #define HAVE_GETCWD 1
| #define HAVE_GETTIMEOFDAY 1
| #define HAVE_LOCALTIME_R 1
| #define HAVE_MEMCHR 1
| #define HAVE_MEMSET 1
| #define HAVE_MKDIR 1
| #define HAVE_RMDIR 1
| #define HAVE_SETLOCALE 1
| #define HAVE_SOCKET 1
| #define HAVE_STRCASECMP 1
| #define HAVE_STRCHR 1
| #define HAVE_STRDUP 1
| #define HAVE_STRERROR 1
| #define HAVE_STRNCASECMP 1
| #define HAVE_STRNDUP 1
| #define HAVE_STRRCHR 1
| #define HAVE_STRSPN 1
| #define HAVE_STRSTR 1
| #define HAVE_STRTOL 1
| #define HAVE_STRTOUL 1
| /* end confdefs.h.  */
| 
| /* Override any GCC internal prototype to avoid an error.
|    Use char because int might match the return type of a GCC
|    builtin and then its argument prototype would still apply.  */
| char floor ();
| int
| main (void)
| {
| return floor ();
|   ;
|   return 0;
| }
configure:6454: gcc -o conftest  -g -O0   conftest.c -lm   >&5
conftest.c:77:6: warning: conflicting types for built-in function 'floor'; expected 'double(double)' [-Wbuiltin-declaration-mismatch]
   77 | char floor ();
      |      ^~~~~
conftest.c:1:1: note: 'floor' is declared in header '<math.h>'
    1 | /* confdefs.h */
configure:6454: $? = 0
configure:6474: result: -lm
configure:6490: checking for library containing ev_run
configure:6520: gcc -o conftest  -g -O0   conftest.c -lm  >&5
/usr/bin/ld: /tmp/ccurVPTw.o: in function `main':
/home/remi.legrand@Digital-Grenoble.local/.config/i3/i3lock-color/x86_64-pc-linux-gnu/conftest.c:81:(.text+0xe): undefined reference to `ev_run'
collect2: error: ld returned 1 exit status
configure:6520: $? = 1
configure: failed program was:
| /* confdefs.h */
| #define PACKAGE_NAME "i3lock-color"
| #define PACKAGE_TARNAME "i3lock-color"
| #define PACKAGE_VERSION "2.12"
| #define PACKAGE_STRING "i3lock-color 2.12"
| #define PACKAGE_BUGREPORT "https://github.com/PandorasFox/i3lock-color/issues"
| #define PACKAGE_URL ""
| #define PACKAGE "i3lock-color"
| #define VERSION "2.12"
| #define I3LOCK_VERSION "2.12.c-68-gabdfd4d (2020-03-08, branch \"master\")"
| #define HAVE_STDIO_H 1
| #define HAVE_STDLIB_H 1
| #define HAVE_STRING_H 1
| #define HAVE_INTTYPES_H 1
| #define HAVE_STDINT_H 1
| #define HAVE_STRINGS_H 1
| #define HAVE_SYS_STAT_H 1
| #define HAVE_SYS_TYPES_H 1
| #define HAVE_UNISTD_H 1
| #define HAVE_WCHAR_H 1
| #define STDC_HEADERS 1
| #define _ALL_SOURCE 1
| #define _DARWIN_C_SOURCE 1
| #define _GNU_SOURCE 1
| #define _HPUX_ALT_XOPEN_SOCKET_API 1
| #define _NETBSD_SOURCE 1
| #define _OPENBSD_SOURCE 1
| #define _POSIX_PTHREAD_SEMANTICS 1
| #define __STDC_WANT_IEC_60559_ATTRIBS_EXT__ 1
| #define __STDC_WANT_IEC_60559_BFP_EXT__ 1
| #define __STDC_WANT_IEC_60559_DFP_EXT__ 1
| #define __STDC_WANT_IEC_60559_FUNCS_EXT__ 1
| #define __STDC_WANT_IEC_60559_TYPES_EXT__ 1
| #define __STDC_WANT_LIB_EXT2__ 1
| #define __STDC_WANT_MATH_SPEC_FUNCS__ 1
| #define _TANDEM_SOURCE 1
| #define __EXTENSIONS__ 1
| #define HAVE__BOOL 1
| #define HAVE_MODE_T 1
| #define HAVE_OFF_T 1
| #define HAVE_PID_T 1
| #define HAVE_SIZE_T 1
| #define HAVE_SSIZE_T 1
| #define HAVE_FORK 1
| #define HAVE_VFORK 1
| #define HAVE_WORKING_VFORK 1
| #define HAVE_WORKING_FORK 1
| #define LSTAT_FOLLOWS_SLASHED_SYMLINK 1
| #define HAVE_ATEXIT 1
| #define HAVE_DUP2 1
| #define HAVE_FTRUNCATE 1
| #define HAVE_GETCWD 1
| #define HAVE_GETTIMEOFDAY 1
| #define HAVE_LOCALTIME_R 1
| #define HAVE_MEMCHR 1
| #define HAVE_MEMSET 1
| #define HAVE_MKDIR 1
| #define HAVE_RMDIR 1
| #define HAVE_SETLOCALE 1
| #define HAVE_SOCKET 1
| #define HAVE_STRCASECMP 1
| #define HAVE_STRCHR 1
| #define HAVE_STRDUP 1
| #define HAVE_STRERROR 1
| #define HAVE_STRNCASECMP 1
| #define HAVE_STRNDUP 1
| #define HAVE_STRRCHR 1
| #define HAVE_STRSPN 1
| #define HAVE_STRSTR 1
| #define HAVE_STRTOL 1
| #define HAVE_STRTOUL 1
| /* end confdefs.h.  */
| 
| /* Override any GCC internal prototype to avoid an error.
|    Use char because int might match the return type of a GCC
|    builtin and then its argument prototype would still apply.  */
| char ev_run ();
| int
| main (void)
| {
| return ev_run ();
|   ;
|   return 0;
| }
configure:6520: gcc -o conftest  -g -O0   conftest.c -lev  -lm  >&5
configure:6520: $? = 0
configure:6540: result: -lev
configure:6555: checking for library containing shm_open
configure:6585: gcc -o conftest  -g -O0   conftest.c -lev -lm  >&5
configure:6585: $? = 0
configure:6605: result: none required
configure:6621: checking for library containing pam_authenticate
configure:6651: gcc -o conftest  -g -O0   conftest.c -lev -lm  >&5
/usr/bin/ld: /tmp/ccmCdNYc.o: in function `main':
/home/remi.legrand@Digital-Grenoble.local/.config/i3/i3lock-color/x86_64-pc-linux-gnu/conftest.c:81:(.text+0xe): undefined reference to `pam_authenticate'
collect2: error: ld returned 1 exit status
configure:6651: $? = 1
configure: failed program was:
| /* confdefs.h */
| #define PACKAGE_NAME "i3lock-color"
| #define PACKAGE_TARNAME "i3lock-color"
| #define PACKAGE_VERSION "2.12"
| #define PACKAGE_STRING "i3lock-color 2.12"
| #define PACKAGE_BUGREPORT "https://github.com/PandorasFox/i3lock-color/issues"
| #define PACKAGE_URL ""
| #define PACKAGE "i3lock-color"
| #define VERSION "2.12"
| #define I3LOCK_VERSION "2.12.c-68-gabdfd4d (2020-03-08, branch \"master\")"
| #define HAVE_STDIO_H 1
| #define HAVE_STDLIB_H 1
| #define HAVE_STRING_H 1
| #define HAVE_INTTYPES_H 1
| #define HAVE_STDINT_H 1
| #define HAVE_STRINGS_H 1
| #define HAVE_SYS_STAT_H 1
| #define HAVE_SYS_TYPES_H 1
| #define HAVE_UNISTD_H 1
| #define HAVE_WCHAR_H 1
| #define STDC_HEADERS 1
| #define _ALL_SOURCE 1
| #define _DARWIN_C_SOURCE 1
| #define _GNU_SOURCE 1
| #define _HPUX_ALT_XOPEN_SOCKET_API 1
| #define _NETBSD_SOURCE 1
| #define _OPENBSD_SOURCE 1
| #define _POSIX_PTHREAD_SEMANTICS 1
| #define __STDC_WANT_IEC_60559_ATTRIBS_EXT__ 1
| #define __STDC_WANT_IEC_60559_BFP_EXT__ 1
| #define __STDC_WANT_IEC_60559_DFP_EXT__ 1
| #define __STDC_WANT_IEC_60559_FUNCS_EXT__ 1
| #define __STDC_WANT_IEC_60559_TYPES_EXT__ 1
| #define __STDC_WANT_LIB_EXT2__ 1
| #define __STDC_WANT_MATH_SPEC_FUNCS__ 1
| #define _TANDEM_SOURCE 1
| #define __EXTENSIONS__ 1
| #define HAVE__BOOL 1
| #define HAVE_MODE_T 1
| #define HAVE_OFF_T 1
| #define HAVE_PID_T 1
| #define HAVE_SIZE_T 1
| #define HAVE_SSIZE_T 1
| #define HAVE_FORK 1
| #define HAVE_VFORK 1
| #define HAVE_WORKING_VFORK 1
| #define HAVE_WORKING_FORK 1
| #define LSTAT_FOLLOWS_SLASHED_SYMLINK 1
| #define HAVE_ATEXIT 1
| #define HAVE_DUP2 1
| #define HAVE_FTRUNCATE 1
| #define HAVE_GETCWD 1
| #define HAVE_GETTIMEOFDAY 1
| #define HAVE_LOCALTIME_R 1
| #define HAVE_MEMCHR 1
| #define HAVE_MEMSET 1
| #define HAVE_MKDIR 1
| #define HAVE_RMDIR 1
| #define HAVE_SETLOCALE 1
| #define HAVE_SOCKET 1
| #define HAVE_STRCASECMP 1
| #define HAVE_STRCHR 1
| #define HAVE_STRDUP 1
| #define HAVE_STRERROR 1
| #define HAVE_STRNCASECMP 1
| #define HAVE_STRNDUP 1
| #define HAVE_STRRCHR 1
| #define HAVE_STRSPN 1
| #define HAVE_STRSTR 1
| #define HAVE_STRTOL 1
| #define HAVE_STRTOUL 1
| /* end confdefs.h.  */
| 
| /* Override any GCC internal prototype to avoid an error.
|    Use char because int might match the return type of a GCC
|    builtin and then its argument prototype would still apply.  */
| char pam_authenticate ();
| int
| main (void)
| {
| return pam_authenticate ();
|   ;
|   return 0;
| }
configure:6651: gcc -o conftest  -g -O0   conftest.c -lpam  -lev -lm  >&5
configure:6651: $? = 0
configure:6671: result: -lpam
configure:6683: checking for library containing iconv_open
configure:6713: gcc -o conftest  -g -O0   conftest.c -lpam -lev -lm  >&5
configure:6713: $? = 0
configure:6733: result: none required
configure:6807: checking for pkg-config
configure:6830: found /usr/bin/pkg-config
configure:6842: result: /usr/bin/pkg-config
configure:6867: checking pkg-config is at least version 0.9.0
configure:6870: result: yes
configure:6880: checking for xcb xcb-xkb xcb-xinerama xcb-randr xcb-composite
configure:6887: $PKG_CONFIG --exists --print-errors "xcb xcb-xkb xcb-xinerama xcb-randr xcb-composite"
configure:6890: $? = 0
configure:6904: $PKG_CONFIG --exists --print-errors "xcb xcb-xkb xcb-xinerama xcb-randr xcb-composite"
configure:6907: $? = 0
configure:6965: result: yes
configure:6971: checking for xcb-image
configure:6978: $PKG_CONFIG --exists --print-errors "xcb-image"
configure:6981: $? = 0
configure:6995: $PKG_CONFIG --exists --print-errors "xcb-image"
configure:6998: $? = 0
configure:7056: result: yes
configure:7062: checking for xcb-event xcb-util xcb-atom
configure:7069: $PKG_CONFIG --exists --print-errors "xcb-event xcb-util xcb-atom"
configure:7072: $? = 0
configure:7086: $PKG_CONFIG --exists --print-errors "xcb-event xcb-util xcb-atom"
configure:7089: $? = 0
configure:7147: result: yes
configure:7153: checking for xcb-xrm
configure:7160: $PKG_CONFIG --exists --print-errors "xcb-xrm"
configure:7163: $? = 0
configure:7177: $PKG_CONFIG --exists --print-errors "xcb-xrm"
configure:7180: $? = 0
configure:7238: result: yes
configure:7244: checking for xkbcommon xkbcommon-x11
configure:7251: $PKG_CONFIG --exists --print-errors "xkbcommon xkbcommon-x11"
configure:7254: $? = 0
configure:7268: $PKG_CONFIG --exists --print-errors "xkbcommon xkbcommon-x11"
configure:7271: $? = 0
configure:7329: result: yes
configure:7335: checking for cairo
configure:7342: $PKG_CONFIG --exists --print-errors "cairo"
configure:7345: $? = 0
configure:7359: $PKG_CONFIG --exists --print-errors "cairo"
configure:7362: $? = 0
configure:7420: result: yes
configure:7426: checking for libjpeg
configure:7433: $PKG_CONFIG --exists --print-errors "libjpeg"
configure:7436: $? = 0
configure:7450: $PKG_CONFIG --exists --print-errors "libjpeg"
configure:7453: $? = 0
configure:7511: result: yes
configure:7517: checking for fontconfig
configure:7524: $PKG_CONFIG --exists --print-errors "fontconfig"
configure:7527: $? = 0
configure:7541: $PKG_CONFIG --exists --print-errors "fontconfig"
configure:7544: $? = 0
configure:7602: result: yes
configure:7613: checking for gawk
configure:7645: result: gawk
configure:7661: checking how to run the C preprocessor
configure:7687: gcc -E  conftest.c
configure:7687: $? = 0
configure:7702: gcc -E  conftest.c
conftest.c:73:10: fatal error: ac_nonexistent.h: No such file or directory
   73 | #include <ac_nonexistent.h>
      |          ^~~~~~~~~~~~~~~~~~
compilation terminated.
configure:7702: $? = 1
configure: failed program was:
| /* confdefs.h */
| #define PACKAGE_NAME "i3lock-color"
| #define PACKAGE_TARNAME "i3lock-color"
| #define PACKAGE_VERSION "2.12"
| #define PACKAGE_STRING "i3lock-color 2.12"
| #define PACKAGE_BUGREPORT "https://github.com/PandorasFox/i3lock-color/issues"
| #define PACKAGE_URL ""
| #define PACKAGE "i3lock-color"
| #define VERSION "2.12"
| #define I3LOCK_VERSION "2.12.c-68-gabdfd4d (2020-03-08, branch \"master\")"
| #define HAVE_STDIO_H 1
| #define HAVE_STDLIB_H 1
| #define HAVE_STRING_H 1
| #define HAVE_INTTYPES_H 1
| #define HAVE_STDINT_H 1
| #define HAVE_STRINGS_H 1
| #define HAVE_SYS_STAT_H 1
| #define HAVE_SYS_TYPES_H 1
| #define HAVE_UNISTD_H 1
| #define HAVE_WCHAR_H 1
| #define STDC_HEADERS 1
| #define _ALL_SOURCE 1
| #define _DARWIN_C_SOURCE 1
| #define _GNU_SOURCE 1
| #define _HPUX_ALT_XOPEN_SOCKET_API 1
| #define _NETBSD_SOURCE 1
| #define _OPENBSD_SOURCE 1
| #define _POSIX_PTHREAD_SEMANTICS 1
| #define __STDC_WANT_IEC_60559_ATTRIBS_EXT__ 1
| #define __STDC_WANT_IEC_60559_BFP_EXT__ 1
| #define __STDC_WANT_IEC_60559_DFP_EXT__ 1
| #define __STDC_WANT_IEC_60559_FUNCS_EXT__ 1
| #define __STDC_WANT_IEC_60559_TYPES_EXT__ 1
| #define __STDC_WANT_LIB_EXT2__ 1
| #define __STDC_WANT_MATH_SPEC_FUNCS__ 1
| #define _TANDEM_SOURCE 1
| #define __EXTENSIONS__ 1
| #define HAVE__BOOL 1
| #define HAVE_MODE_T 1
| #define HAVE_OFF_T 1
| #define HAVE_PID_T 1
| #define HAVE_SIZE_T 1
| #define HAVE_SSIZE_T 1
| #define HAVE_FORK 1
| #define HAVE_VFORK 1
| #define HAVE_WORKING_VFORK 1
| #define HAVE_WORKING_FORK 1
| #define LSTAT_FOLLOWS_SLASHED_SYMLINK 1
| #define HAVE_ATEXIT 1
| #define HAVE_DUP2 1
| #define HAVE_FTRUNCATE 1
| #define HAVE_GETCWD 1
| #define HAVE_GETTIMEOFDAY 1
| #define HAVE_LOCALTIME_R 1
| #define HAVE_MEMCHR 1
| #define HAVE_MEMSET 1
| #define HAVE_MKDIR 1
| #define HAVE_RMDIR 1
| #define HAVE_SETLOCALE 1
| #define HAVE_SOCKET 1
| #define HAVE_STRCASECMP 1
| #define HAVE_STRCHR 1
| #define HAVE_STRDUP 1
| #define HAVE_STRERROR 1
| #define HAVE_STRNCASECMP 1
| #define HAVE_STRNDUP 1
| #define HAVE_STRRCHR 1
| #define HAVE_STRSPN 1
| #define HAVE_STRSTR 1
| #define HAVE_STRTOL 1
| #define HAVE_STRTOUL 1
| /* end confdefs.h.  */
| #include <ac_nonexistent.h>
configure:7729: result: gcc -E
configure:7743: gcc -E  conftest.c
configure:7743: $? = 0
configure:7758: gcc -E  conftest.c
conftest.c:73:10: fatal error: ac_nonexistent.h: No such file or directory
   73 | #include <ac_nonexistent.h>
      |          ^~~~~~~~~~~~~~~~~~
compilation terminated.
configure:7758: $? = 1
configure: failed program was:
| /* confdefs.h */
| #define PACKAGE_NAME "i3lock-color"
| #define PACKAGE_TARNAME "i3lock-color"
| #define PACKAGE_VERSION "2.12"
| #define PACKAGE_STRING "i3lock-color 2.12"
| #define PACKAGE_BUGREPORT "https://github.com/PandorasFox/i3lock-color/issues"
| #define PACKAGE_URL ""
| #define PACKAGE "i3lock-color"
| #define VERSION "2.12"
| #define I3LOCK_VERSION "2.12.c-68-gabdfd4d (2020-03-08, branch \"master\")"
| #define HAVE_STDIO_H 1
| #define HAVE_STDLIB_H 1
| #define HAVE_STRING_H 1
| #define HAVE_INTTYPES_H 1
| #define HAVE_STDINT_H 1
| #define HAVE_STRINGS_H 1
| #define HAVE_SYS_STAT_H 1
| #define HAVE_SYS_TYPES_H 1
| #define HAVE_UNISTD_H 1
| #define HAVE_WCHAR_H 1
| #define STDC_HEADERS 1
| #define _ALL_SOURCE 1
| #define _DARWIN_C_SOURCE 1
| #define _GNU_SOURCE 1
| #define _HPUX_ALT_XOPEN_SOCKET_API 1
| #define _NETBSD_SOURCE 1
| #define _OPENBSD_SOURCE 1
| #define _POSIX_PTHREAD_SEMANTICS 1
| #define __STDC_WANT_IEC_60559_ATTRIBS_EXT__ 1
| #define __STDC_WANT_IEC_60559_BFP_EXT__ 1
| #define __STDC_WANT_IEC_60559_DFP_EXT__ 1
| #define __STDC_WANT_IEC_60559_FUNCS_EXT__ 1
| #define __STDC_WANT_IEC_60559_TYPES_EXT__ 1
| #define __STDC_WANT_LIB_EXT2__ 1
| #define __STDC_WANT_MATH_SPEC_FUNCS__ 1
| #define _TANDEM_SOURCE 1
| #define __EXTENSIONS__ 1
| #define HAVE__BOOL 1
| #define HAVE_MODE_T 1
| #define HAVE_OFF_T 1
| #define HAVE_PID_T 1
| #define HAVE_SIZE_T 1
| #define HAVE_SSIZE_T 1
| #define HAVE_FORK 1
| #define HAVE_VFORK 1
| #define HAVE_WORKING_VFORK 1
| #define HAVE_WORKING_FORK 1
| #define LSTAT_FOLLOWS_SLASHED_SYMLINK 1
| #define HAVE_ATEXIT 1
| #define HAVE_DUP2 1
| #define HAVE_FTRUNCATE 1
| #define HAVE_GETCWD 1
| #define HAVE_GETTIMEOFDAY 1
| #define HAVE_LOCALTIME_R 1
| #define HAVE_MEMCHR 1
| #define HAVE_MEMSET 1
| #define HAVE_MKDIR 1
| #define HAVE_RMDIR 1
| #define HAVE_SETLOCALE 1
| #define HAVE_SOCKET 1
| #define HAVE_STRCASECMP 1
| #define HAVE_STRCHR 1
| #define HAVE_STRDUP 1
| #define HAVE_STRERROR 1
| #define HAVE_STRNCASECMP 1
| #define HAVE_STRNDUP 1
| #define HAVE_STRRCHR 1
| #define HAVE_STRSPN 1
| #define HAVE_STRSTR 1
| #define HAVE_STRTOL 1
| #define HAVE_STRTOUL 1
| /* end confdefs.h.  */
| #include <ac_nonexistent.h>
configure:7789: checking whether make sets $(MAKE)
configure:7812: result: yes
configure:7869: checking for ranlib
configure:7890: found /usr/bin/ranlib
configure:7901: result: ranlib
configure:7923: checking whether ln -s works
configure:7927: result: yes
configure:7990: checking for ar
configure:8011: found /usr/bin/ar
configure:8022: result: ar
configure:8048: checking the archiver (ar) interface
configure:8065: gcc -c  -g -O0  conftest.c >&5
configure:8065: $? = 0
configure:8068: ar cru libconftest.a conftest.o >&5
ar: `u' modifier ignored since `D' is the default (see `U')
configure:8071: $? = 0
configure:8099: result: ar
configure:8120: checking CFLAGS for maximum warnings
configure:8141: gcc -c  -g -O0 -warn all  -warn all  conftest.c >&5
gcc: error: unrecognized command-line option '-warn'; did you mean '--warn-'?
gcc: error: unrecognized command-line option '-warn'; did you mean '--warn-'?
configure:8141: $? = 1
configure: failed program was:
| /* confdefs.h */
| #define PACKAGE_NAME "i3lock-color"
| #define PACKAGE_TARNAME "i3lock-color"
| #define PACKAGE_VERSION "2.12"
| #define PACKAGE_STRING "i3lock-color 2.12"
| #define PACKAGE_BUGREPORT "https://github.com/PandorasFox/i3lock-color/issues"
| #define PACKAGE_URL ""
| #define PACKAGE "i3lock-color"
| #define VERSION "2.12"
| #define I3LOCK_VERSION "2.12.c-68-gabdfd4d (2020-03-08, branch \"master\")"
| #define HAVE_STDIO_H 1
| #define HAVE_STDLIB_H 1
| #define HAVE_STRING_H 1
| #define HAVE_INTTYPES_H 1
| #define HAVE_STDINT_H 1
| #define HAVE_STRINGS_H 1
| #define HAVE_SYS_STAT_H 1
| #define HAVE_SYS_TYPES_H 1
| #define HAVE_UNISTD_H 1
| #define HAVE_WCHAR_H 1
| #define STDC_HEADERS 1
| #define _ALL_SOURCE 1
| #define _DARWIN_C_SOURCE 1
| #define _GNU_SOURCE 1
| #define _HPUX_ALT_XOPEN_SOCKET_API 1
| #define _NETBSD_SOURCE 1
| #define _OPENBSD_SOURCE 1
| #define _POSIX_PTHREAD_SEMANTICS 1
| #define __STDC_WANT_IEC_60559_ATTRIBS_EXT__ 1
| #define __STDC_WANT_IEC_60559_BFP_EXT__ 1
| #define __STDC_WANT_IEC_60559_DFP_EXT__ 1
| #define __STDC_WANT_IEC_60559_FUNCS_EXT__ 1
| #define __STDC_WANT_IEC_60559_TYPES_EXT__ 1
| #define __STDC_WANT_LIB_EXT2__ 1
| #define __STDC_WANT_MATH_SPEC_FUNCS__ 1
| #define _TANDEM_SOURCE 1
| #define __EXTENSIONS__ 1
| #define HAVE__BOOL 1
| #define HAVE_MODE_T 1
| #define HAVE_OFF_T 1
| #define HAVE_PID_T 1
| #define HAVE_SIZE_T 1
| #define HAVE_SSIZE_T 1
| #define HAVE_FORK 1
| #define HAVE_VFORK 1
| #define HAVE_WORKING_VFORK 1
| #define HAVE_WORKING_FORK 1
| #define LSTAT_FOLLOWS_SLASHED_SYMLINK 1
| #define HAVE_ATEXIT 1
| #define HAVE_DUP2 1
| #define HAVE_FTRUNCATE 1
| #define HAVE_GETCWD 1
| #define HAVE_GETTIMEOFDAY 1
| #define HAVE_LOCALTIME_R 1
| #define HAVE_MEMCHR 1
| #define HAVE_MEMSET 1
| #define HAVE_MKDIR 1
| #define HAVE_RMDIR 1
| #define HAVE_SETLOCALE 1
| #define HAVE_SOCKET 1
| #define HAVE_STRCASECMP 1
| #define HAVE_STRCHR 1
| #define HAVE_STRDUP 1
| #define HAVE_STRERROR 1
| #define HAVE_STRNCASECMP 1
| #define HAVE_STRNDUP 1
| #define HAVE_STRRCHR 1
| #define HAVE_STRSPN 1
| #define HAVE_STRSTR 1
| #define HAVE_STRTOL 1
| #define HAVE_STRTOUL 1
| /* end confdefs.h.  */
| 
| int
| main (void)
| {
| 
|   ;
|   return 0;
| }
configure:8141: gcc -c  -g -O0 -pedantic  -Wall  conftest.c >&5
configure:8141: $? = 0
configure:8150: result: -Wall
configure:8171: : CFLAGS="$CFLAGS"
configure:8174: $? = 0
configure:8217: : AM_CFLAGS="$AM_CFLAGS"
configure:8220: $? = 0
configure:8239: : AM_CFLAGS="$AM_CFLAGS"
configure:8242: $? = 0
configure:8272: : AM_CFLAGS="$AM_CFLAGS"
configure:8275: $? = 0
configure:8291: checking whether C compiler accepts -Wunused-value
configure:8311: gcc -c  -g -O0 -Wall  -Wunused-value  conftest.c >&5
configure:8311: $? = 0
configure:8320: result: yes
configure:8338: : AM_CFLAGS="$AM_CFLAGS"
configure:8341: $? = 0
configure:8367: checking for fcntl.h
configure:8367: gcc -c  -g -O0 -Wall  conftest.c >&5
configure:8367: $? = 0
configure:8367: result: yes
configure:8367: checking for float.h
configure:8367: gcc -c  -g -O0 -Wall  conftest.c >&5
configure:8367: $? = 0
configure:8367: result: yes
configure:8367: checking for inttypes.h
configure:8367: result: yes
configure:8367: checking for limits.h
configure:8367: gcc -c  -g -O0 -Wall  conftest.c >&5
configure:8367: $? = 0
configure:8367: result: yes
configure:8367: checking for locale.h
configure:8367: gcc -c  -g -O0 -Wall  conftest.c >&5
configure:8367: $? = 0
configure:8367: result: yes
configure:8367: checking for netinet/in.h
configure:8367: gcc -c  -g -O0 -Wall  conftest.c >&5
configure:8367: $? = 0
configure:8367: result: yes
configure:8367: checking for paths.h
configure:8367: gcc -c  -g -O0 -Wall  conftest.c >&5
configure:8367: $? = 0
configure:8367: result: yes
configure:8367: checking for stddef.h
configure:8367: gcc -c  -g -O0 -Wall  conftest.c >&5
configure:8367: $? = 0
configure:8367: result: yes
configure:8367: checking for stdint.h
configure:8367: result: yes
configure:8367: checking for stdlib.h
configure:8367: result: yes
configure:8367: checking for string.h
configure:8367: result: yes
configure:8367: checking for sys/param.h
configure:8367: gcc -c  -g -O0 -Wall  conftest.c >&5
configure:8367: $? = 0
configure:8367: result: yes
configure:8367: checking for sys/socket.h
configure:8367: gcc -c  -g -O0 -Wall  conftest.c >&5
configure:8367: $? = 0
configure:8367: result: yes
configure:8367: checking for sys/time.h
configure:8367: gcc -c  -g -O0 -Wall  conftest.c >&5
configure:8367: $? = 0
configure:8367: result: yes
configure:8367: checking for unistd.h
configure:8367: result: yes
configure:8438: checking whether C compiler accepts -fsanitize=address
configure:8458: gcc -c  -g -O0 -Wall  -fsanitize=address  conftest.c >&5
configure:8458: $? = 0
configure:8467: result: yes
configure:8472: checking whether the linker accepts -fsanitize=address
configure:8492: gcc -o conftest  -g -O0 -Wall    -fsanitize=address conftest.c -lpam -lev -lm  >&5
configure:8492: $? = 0
configure:8502: result: yes
configure:8521: : CFLAGS="$CFLAGS"
configure:8524: $? = 0
configure:8554: : LDFLAGS="$LDFLAGS"
configure:8557: $? = 0
configure:8575: checking whether C compiler accepts -fno-omit-frame-pointer
configure:8595: gcc -c  -g -O0 -Wall -fsanitize=address  -fno-omit-frame-pointer  conftest.c >&5
configure:8595: $? = 0
configure:8604: result: yes
configure:8623: : CFLAGS="$CFLAGS"
configure:8626: $? = 0
configure:9273: checking that generated files are newer than configure
configure:9279: result: done
configure:9310: creating ./config.status

## ---------------------- ##
## Running config.status. ##
## ---------------------- ##

This file was extended by i3lock-color config.status 2.12, which was
generated by GNU Autoconf 2.71.  Invocation command line was

  CONFIG_FILES    = 
  CONFIG_HEADERS  = 
  CONFIG_LINKS    = 
  CONFIG_COMMANDS = 
  $ ./config.status 

on JAVA-L09

config.status:1100: creating Makefile
config.status:1100: creating config.h
config.status:1266: config.h is unchanged
config.status:1314: executing buildir commands
config.status:1454: reusing top_srcdir/Makefile from earlier configure
config.status:1459: build in x86_64-pc-linux-gnu (HOST=)
config.status:1314: executing depfiles commands
config.status:1535: cd .       && sed -e '/# am--include-marker/d' Makefile         | make -f - am--depfiles
make: Nothing to be done for 'am--depfiles'.
config.status:1540: $? = 0

## ---------------- ##
## Cache variables. ##
## ---------------- ##

_cv_gnu_make_command=make
ac_cv_build=x86_64-pc-linux-gnu
ac_cv_c_compiler_gnu=yes
ac_cv_cflags_warn_all=-Wall
ac_cv_env_CAIRO_CFLAGS_set=
ac_cv_env_CAIRO_CFLAGS_value=
ac_cv_env_CAIRO_LIBS_set=
ac_cv_env_CAIRO_LIBS_value=
ac_cv_env_CC_set=
ac_cv_env_CC_value=
ac_cv_env_CFLAGS_set=
ac_cv_env_CFLAGS_value=
ac_cv_env_CPPFLAGS_set=
ac_cv_env_CPPFLAGS_value=
ac_cv_env_CPP_set=
ac_cv_env_CPP_value=
ac_cv_env_FONTCONFIG_CFLAGS_set=
ac_cv_env_FONTCONFIG_CFLAGS_value=
ac_cv_env_FONTCONFIG_LIBS_set=
ac_cv_env_FONTCONFIG_LIBS_value=
ac_cv_env_JPEG_CFLAGS_set=
ac_cv_env_JPEG_CFLAGS_value=
ac_cv_env_JPEG_LIBS_set=
ac_cv_env_JPEG_LIBS_value=
ac_cv_env_LDFLAGS_set=
ac_cv_env_LDFLAGS_value=
ac_cv_env_LIBS_set=
ac_cv_env_LIBS_value=
ac_cv_env_PKG_CONFIG_LIBDIR_set=
ac_cv_env_PKG_CONFIG_LIBDIR_value=
ac_cv_env_PKG_CONFIG_PATH_set=
ac_cv_env_PKG_CONFIG_PATH_value=
ac_cv_env_PKG_CONFIG_set=
ac_cv_env_PKG_CONFIG_value=
ac_cv_env_XCB_CFLAGS_set=
ac_cv_env_XCB_CFLAGS_value=
ac_cv_env_XCB_IMAGE_CFLAGS_set=
ac_cv_env_XCB_IMAGE_CFLAGS_value=
ac_cv_env_XCB_IMAGE_LIBS_set=
ac_cv_env_XCB_IMAGE_LIBS_value=
ac_cv_env_XCB_LIBS_set=
ac_cv_env_XCB_LIBS_value=
ac_cv_env_XCB_UTIL_CFLAGS_set=
ac_cv_env_XCB_UTIL_CFLAGS_value=
ac_cv_env_XCB_UTIL_LIBS_set=
ac_cv_env_XCB_UTIL_LIBS_value=
ac_cv_env_XCB_UTIL_XRM_CFLAGS_set=
ac_cv_env_XCB_UTIL_XRM_CFLAGS_value=
ac_cv_env_XCB_UTIL_XRM_LIBS_set=
ac_cv_env_XCB_UTIL_XRM_LIBS_value=
ac_cv_env_XKBCOMMON_CFLAGS_set=
ac_cv_env_XKBCOMMON_CFLAGS_value=
ac_cv_env_XKBCOMMON_LIBS_set=
ac_cv_env_XKBCOMMON_LIBS_value=
ac_cv_env_build_alias_set=
ac_cv_env_build_alias_value=
ac_cv_env_host_alias_set=
ac_cv_env_host_alias_value=
ac_cv_env_target_alias_set=
ac_cv_env_target_alias_value=
ac_cv_func_atexit=yes
ac_cv_func_dup2=yes
ac_cv_func_fork=yes
ac_cv_func_fork_works=yes
ac_cv_func_ftruncate=yes
ac_cv_func_getcwd=yes
ac_cv_func_gettimeofday=yes
ac_cv_func_localtime_r=yes
ac_cv_func_lstat_dereferences_slashed_symlink=yes
ac_cv_func_memchr=yes
ac_cv_func_memset=yes
ac_cv_func_mkdir=yes
ac_cv_func_rmdir=yes
ac_cv_func_setlocale=yes
ac_cv_func_socket=yes
ac_cv_func_strcasecmp=yes
ac_cv_func_strchr=yes
ac_cv_func_strdup=yes
ac_cv_func_strerror=yes
ac_cv_func_strncasecmp=yes
ac_cv_func_strndup=yes
ac_cv_func_strnlen_working=yes
ac_cv_func_strrchr=yes
ac_cv_func_strspn=yes
ac_cv_func_strstr=yes
ac_cv_func_strtol=yes
ac_cv_func_strtoul=yes
ac_cv_func_vfork=yes
ac_cv_func_vfork_works=yes
ac_cv_header_fcntl_h=yes
ac_cv_header_float_h=yes
ac_cv_header_inttypes_h=yes
ac_cv_header_limits_h=yes
ac_cv_header_locale_h=yes
ac_cv_header_minix_config_h=no
ac_cv_header_netinet_in_h=yes
ac_cv_header_paths_h=yes
ac_cv_header_stdbool_h=yes
ac_cv_header_stddef_h=yes
ac_cv_header_stdint_h=yes
ac_cv_header_stdio_h=yes
ac_cv_header_stdlib_h=yes
ac_cv_header_string_h=yes
ac_cv_header_strings_h=yes
ac_cv_header_sys_param_h=yes
ac_cv_header_sys_socket_h=yes
ac_cv_header_sys_stat_h=yes
ac_cv_header_sys_time_h=yes
ac_cv_header_sys_types_h=yes
ac_cv_header_unistd_h=yes
ac_cv_header_vfork_h=no
ac_cv_header_wchar_h=yes
ac_cv_host=x86_64-pc-linux-gnu
ac_cv_objext=o
ac_cv_path_SED=/usr/bin/sed
ac_cv_path_ac_pt_PKG_CONFIG=/usr/bin/pkg-config
ac_cv_path_ax_enable_builddir_sed=sed
ac_cv_path_install='/usr/bin/install -c'
ac_cv_path_mkdir=/usr/bin/mkdir
ac_cv_prog_AWK=gawk
ac_cv_prog_CPP='gcc -E'
ac_cv_prog_ac_ct_AR=ar
ac_cv_prog_ac_ct_CC=gcc
ac_cv_prog_ac_ct_RANLIB=ranlib
ac_cv_prog_cc_c11=
ac_cv_prog_cc_g=yes
ac_cv_prog_cc_stdc=
ac_cv_prog_make_make_set=yes
ac_cv_safe_to_define___extensions__=yes
ac_cv_search_ev_run=-lev
ac_cv_search_floor=-lm
ac_cv_search_iconv_open='none required'
ac_cv_search_pam_authenticate=-lpam
ac_cv_search_shm_open='none required'
ac_cv_should_define__xopen_source=no
ac_cv_target=x86_64-pc-linux-gnu
ac_cv_type__Bool=yes
ac_cv_type_mode_t=yes
ac_cv_type_off_t=yes
ac_cv_type_pid_t=yes
ac_cv_type_size_t=yes
ac_cv_type_ssize_t=yes
am_cv_CC_dependencies_compiler_type=gcc3
am_cv_ar_interface=ar
am_cv_make_support_nested_variables=yes
am_cv_prog_cc_c_o=yes
ax_cv_check_cflags___Wunused_value=yes
ax_cv_check_cflags___fno_omit_frame_pointer=yes
ax_cv_check_cflags___fsanitize_address=yes
ax_cv_check_ldflags___fsanitize_address=yes
ax_cv_gnu_make_command=make
pkg_cv_CAIRO_CFLAGS='-I/usr/include/cairo -I/usr/include/libpng16 -I/usr/include/freetype2 -I/usr/include/pixman-1 '
pkg_cv_CAIRO_LIBS='-lcairo '
pkg_cv_FONTCONFIG_CFLAGS='-I/usr/include/freetype2 -I/usr/include/libpng16 '
pkg_cv_FONTCONFIG_LIBS='-lfontconfig -lfreetype '
pkg_cv_JPEG_CFLAGS=
pkg_cv_JPEG_LIBS='-ljpeg '
pkg_cv_XCB_CFLAGS=
pkg_cv_XCB_IMAGE_CFLAGS=
pkg_cv_XCB_IMAGE_LIBS='-lxcb-image -lxcb -lxcb-shm '
pkg_cv_XCB_LIBS='-lxcb -lxcb-xkb -lxcb-xinerama -lxcb-randr -lxcb-composite '
pkg_cv_XCB_UTIL_CFLAGS=
pkg_cv_XCB_UTIL_LIBS='-lxcb-util -lxcb '
pkg_cv_XCB_UTIL_XRM_CFLAGS=
pkg_cv_XCB_UTIL_XRM_LIBS='-lxcb-xrm -lxcb '
pkg_cv_XKBCOMMON_CFLAGS=
pkg_cv_XKBCOMMON_LIBS='-lxkbcommon-x11 -lxkbcommon '

## ----------------- ##
## Output variables. ##
## ----------------- ##











	$(AM_V_at)$(MAKE) $(AM_MAKEFLAGS) code-coverage-capture
	$(code_coverage_v_genhtml)LANG=C $(GENHTML) $(code_coverage_quiet) $(addprefix --prefix ,$(CODE_COVERAGE_DIRECTORY)) --output-directory "$(CODE_COVERAGE_OUTPUT_DIRECTORY)" --title "$(PACKAGE_NAME)-$(PACKAGE_VERSION) Code Coverage" --legend --show-details "$(CODE_COVERAGE_OUTPUT_FILE)" $(CODE_COVERAGE_GENHTML_OPTIONS)
	$(code_coverage_v_lcov_cap)$(LCOV) $(code_coverage_quiet) $(addprefix --directory ,$(CODE_COVERAGE_DIRECTORY)) --capture --output-file "$(CODE_COVERAGE_OUTPUT_FILE).tmp" --test-name "$(call code_coverage_sanitize,$(PACKAGE_NAME)-$(PACKAGE_VERSION))" --no-checksum --compat-libtool $(CODE_COVERAGE_LCOV_SHOPTS) $(CODE_COVERAGE_LCOV_OPTIONS)
	$(code_coverage_v_lcov_ign)$(LCOV) $(code_coverage_quiet) $(addprefix --directory ,$(CODE_COVERAGE_DIRECTORY)) --remove "$(CODE_COVERAGE_OUTPUT_FILE).tmp" "/tmp/*" $(CODE_COVERAGE_IGNORE_PATTERN) --output-file "$(CODE_COVERAGE_OUTPUT_FILE)" $(CODE_COVERAGE_LCOV_SHOPTS) $(CODE_COVERAGE_LCOV_RMOPTS)
	-$(AM_V_at)$(MAKE) $(AM_MAKEFLAGS) -k check
	-$(LCOV) --directory $(top_builddir) -z
	-@rm -f $(CODE_COVERAGE_OUTPUT_FILE).tmp
	-find . -name "*.gcda" -o -name "*.gcov" -delete
	-rm -rf $(CODE_COVERAGE_OUTPUT_FILE) $(CODE_COVERAGE_OUTPUT_FILE).tmp $(CODE_COVERAGE_OUTPUT_DIRECTORY)
	@echo "Need to reconfigure with --enable-code-coverage"
	@echo "Need to reconfigure with --enable-code-coverage"
	@echo "file://$(abs_builddir)/$(CODE_COVERAGE_OUTPUT_DIRECTORY)/index.html"
 $(CODE_COVERAGE_IGNORE_PATTERN);
 $(CODE_COVERAGE_OUTPUT_FILE);
#
#
#    $(PACKAGE_NAME)-$(PACKAGE_VERSION)-coverage)
#    $(PACKAGE_NAME)-$(PACKAGE_VERSION)-coverage.info)
#    (Default: $(top_builddir))
#    (Default: empty)
#    Multiple directories may be specified, separated by whitespace.
#    by lcov for code coverage. (Default:
#    collecting lcov instance. (Default: $CODE_COVERAGE_LCOV_OPTIONS_GCOVPATH)
#    genhtml instance. (Default: based on $CODE_COVERAGE_BRANCH_COVERAGE)
#    instance. (Default: $CODE_COVERAGE_GENHTML_OPTIONS_DEFAULT)
#    instance. (Default: $CODE_COVERAGE_LCOV_OPTIONS_DEFAULT)
#    instance. (Default: $CODE_COVERAGE_LCOV_RMOPTS_DEFAULT)
#    instances. (Default: $CODE_COVERAGE_LCOV_SHOPTS_DEFAULT)
#    instances. (Default: based on $CODE_COVERAGE_BRANCH_COVERAGE)
#    lcov instance. (Default: empty)
#    reports to be created. (Default:
#    set to 0 to disable it and leave empty to stay with the default.
#  - CODE_COVERAGE_BRANCH_COVERAGE: Set to 1 to enforce branch coverage,
#  - CODE_COVERAGE_DIRECTORY: Top-level directory for code coverage reporting.
#  - CODE_COVERAGE_GENHTML_OPTIONS: Extra options to pass to the genhtml
#  - CODE_COVERAGE_GENHTML_OPTIONS_DEFAULT: Extra options to pass to the
#  - CODE_COVERAGE_IGNORE_PATTERN: Extra glob pattern of files to ignore
#  - CODE_COVERAGE_LCOV_OPTIONS: Extra options to pass to the collecting lcov
#  - CODE_COVERAGE_LCOV_OPTIONS_DEFAULT: Extra options to pass to the
#  - CODE_COVERAGE_LCOV_OPTIONS_GCOVPATH: --gcov-tool pathtogcov
#  - CODE_COVERAGE_LCOV_RMOPTS: Extra options to pass to the filtering lcov
#  - CODE_COVERAGE_LCOV_RMOPTS_DEFAULT: Extra options to pass to the filtering
#  - CODE_COVERAGE_LCOV_SHOPTS: Extra options to shared between both lcov
#  - CODE_COVERAGE_LCOV_SHOPTS_DEFAULT: Extra options shared between both lcov
#  - CODE_COVERAGE_OUTPUT_DIRECTORY: Directory for generated code coverage
#  - CODE_COVERAGE_OUTPUT_FILE: Filename and path for the .info file generated
# $(PACKAGE_VERSION). In order to add the current git hash to the title,
# Capture code coverage data
# Code coverage
# Hook rule executed before code-coverage-capture, overridable by the user
# Optional variables
# Optional:
# The generated report will be titled using the $(PACKAGE_NAME) and
# Use recursive makes in order to ignore errors during check
# sanitizes the test-name: replaces with underscores: dashes and dots
# use the git-version-gen script, available online.
$(if $(CODE_COVERAGE_BRANCH_COVERAGE),\
'
--rc genhtml_branch_coverage=$(CODE_COVERAGE_BRANCH_COVERAGE))
--rc lcov_branch_coverage=$(CODE_COVERAGE_BRANCH_COVERAGE))
.PHONY: check-code-coverage code-coverage-capture code-coverage-capture-hook code-coverage-clean
ACLOCAL='${SHELL} '\''/home/remi.legrand@Digital-Grenoble.local/.config/i3/i3lock-color/missing'\'' aclocal-1.16'
AMDEPBACKSLASH='\'
AMDEP_FALSE='#'
AMDEP_TRUE=''
AMTAR='$${TAR-tar}'
AM_BACKSLASH='\'
AM_CFLAGS='-O2 -funroll-loops -pthread -Wunused-value'
AM_DEFAULT_V='$(AM_DEFAULT_VERBOSITY)'
AM_DEFAULT_VERBOSITY='0'
AM_DISTCHECK_CONFIGURE_FLAGS += --disable-code-coverage
AM_DISTCHECK_CONFIGURE_FLAGS ?=
AM_V='$(V)'
AR='ar'
AUTOCONF='${SHELL} '\''/home/remi.legrand@Digital-Grenoble.local/.config/i3/i3lock-color/missing'\'' autoconf'
AUTOHEADER='${SHELL} '\''/home/remi.legrand@Digital-Grenoble.local/.config/i3/i3lock-color/missing'\'' autoheader'
AUTOMAKE='${SHELL} '\''/home/remi.legrand@Digital-Grenoble.local/.config/i3/i3lock-color/missing'\'' automake-1.16'
AWK='gawk'
AX_EXTEND_SRCDIR_CPPFLAGS='-DSTRIPPED__FILE__=\"$$(basename $<)\"'
CAIRO_CFLAGS='-I/usr/include/cairo -I/usr/include/libpng16 -I/usr/include/freetype2 -I/usr/include/pixman-1 '
CAIRO_LIBS='-lcairo '
CC='gcc'
CCDEPMODE='depmode=gcc3'
CFLAGS=' -g -O0 -Wall -fsanitize=address -fno-omit-frame-pointer'
CODE_COVERAGE_BRANCH_COVERAGE ?=
CODE_COVERAGE_CFLAGS=''
CODE_COVERAGE_CPPFLAGS=''
CODE_COVERAGE_CXXFLAGS=''
CODE_COVERAGE_DIRECTORY ?= $(top_builddir)
CODE_COVERAGE_ENABLED='no'
CODE_COVERAGE_ENABLED_FALSE=''
CODE_COVERAGE_ENABLED_TRUE='#'
CODE_COVERAGE_GENHTML_OPTIONS ?= $(CODE_COVERAGE_GENHTML_OPTIONS_DEFAULTS)
CODE_COVERAGE_GENHTML_OPTIONS_DEFAULT ?=\
CODE_COVERAGE_IGNORE_PATTERN ?=
CODE_COVERAGE_LCOV_OPTIONS ?= $(CODE_COVERAGE_LCOV_OPTIONS_DEFAULT)
CODE_COVERAGE_LCOV_OPTIONS_DEFAULT ?= $(CODE_COVERAGE_LCOV_OPTIONS_GCOVPATH)
CODE_COVERAGE_LCOV_OPTIONS_GCOVPATH ?= --gcov-tool "$(GCOV)"
CODE_COVERAGE_LCOV_RMOPTS ?= $(CODE_COVERAGE_LCOV_RMOPTS_DEFAULT)
CODE_COVERAGE_LCOV_RMOPTS_DEFAULT ?=
CODE_COVERAGE_LCOV_SHOPTS ?= $(CODE_COVERAGE_LCOV_SHOPTS_DEFAULT)
CODE_COVERAGE_LCOV_SHOPTS_DEFAULT ?= $(if $(CODE_COVERAGE_BRANCH_COVERAGE),\
CODE_COVERAGE_LDFLAGS=''
CODE_COVERAGE_OUTPUT_DIRECTORY ?= $(PACKAGE_NAME)-$(PACKAGE_VERSION)-coverage
CODE_COVERAGE_OUTPUT_FILE ?= $(PACKAGE_NAME)-$(PACKAGE_VERSION)-coverage.info
CODE_COVERAGE_RULES='
CPP='gcc -E'
CPPFLAGS=''
CSCOPE='cscope'
CTAGS='ctags'
CYGPATH_W='echo'
DEFS='-DHAVE_CONFIG_H'
DEPDIR='.deps'
ECHO_C=''
ECHO_N='-n'
ECHO_T=''
ETAGS='etags'
EXEEXT=''
FONTCONFIG_CFLAGS='-I/usr/include/freetype2 -I/usr/include/libpng16 '
FONTCONFIG_LIBS='-lfontconfig -lfreetype '
GCOV=''
GENHTML=''
GITIGNOREFILES += $(CODE_COVERAGE_OUTPUT_FILE) $(CODE_COVERAGE_OUTPUT_DIRECTORY)
GITIGNOREFILES ?=
I3LOCK_VERSION='2.12.c-68-gabdfd4d (2020-03-08, branch \"master\")'
INSTALL_DATA='${INSTALL} -m 644'
INSTALL_PROGRAM='${INSTALL}'
INSTALL_SCRIPT='${INSTALL}'
INSTALL_STRIP_PROGRAM='$(install_sh) -c -s'
JPEG_CFLAGS=''
JPEG_LIBS='-ljpeg '
LCOV=''
LDFLAGS=' -fsanitize=address'
LIBOBJS=''
LIBS='-lpam -lev -lm '
LN_S='ln -s'
LTLIBOBJS=''
MAINT=''
MAINTAINER_MODE_FALSE='#'
MAINTAINER_MODE_TRUE=''
MAKEINFO='${SHELL} '\''/home/remi.legrand@Digital-Grenoble.local/.config/i3/i3lock-color/missing'\'' makeinfo'
MKDIR_P='/usr/bin/mkdir -p'
OBJEXT='o'
PACKAGE='i3lock-color'
PACKAGE_BUGREPORT='https://github.com/PandorasFox/i3lock-color/issues'
PACKAGE_NAME='i3lock-color'
PACKAGE_STRING='i3lock-color 2.12'
PACKAGE_TARNAME='i3lock-color'
PACKAGE_URL=''
PACKAGE_VERSION='2.12'
PATH_SEPARATOR=':'
PKG_CONFIG='/usr/bin/pkg-config'
PKG_CONFIG_LIBDIR=''
PKG_CONFIG_PATH=''
RANLIB='ranlib'
SED='/usr/bin/sed'
SET_MAKE=''
SHELL='/bin/bash'
STRIP=''
VERSION='2.12.c'
XCB_CFLAGS=''
XCB_IMAGE_CFLAGS=''
XCB_IMAGE_LIBS='-lxcb-image -lxcb -lxcb-shm '
XCB_LIBS='-lxcb -lxcb-xkb -lxcb-xinerama -lxcb-randr -lxcb-composite '
XCB_UTIL_CFLAGS=''
XCB_UTIL_LIBS='-lxcb-util -lxcb '
XCB_UTIL_XRM_CFLAGS=''
XCB_UTIL_XRM_LIBS='-lxcb-xrm -lxcb '
XKBCOMMON_CFLAGS=''
XKBCOMMON_LIBS='-lxkbcommon-x11 -lxkbcommon '
ac_ct_AR='ar'
ac_ct_CC='gcc'
am__EXEEXT_FALSE=''
am__EXEEXT_TRUE='#'
am__fastdepCC_FALSE='#'
am__fastdepCC_TRUE=''
am__include='include'
am__isrc=' -I$(srcdir)'
am__leading_dot='.'
am__nodep='_no'
am__quote=''
am__tar='$${TAR-tar} chof - "$$tardir"'
am__untar='$${TAR-tar} xf -'
ax_enable_builddir_sed='sed'
bindir='${exec_prefix}/bin'
build='x86_64-pc-linux-gnu'
build_alias=''
build_cpu='x86_64'
build_os='linux-gnu'
build_vendor='pc'
check-code-coverage:
clean: code-coverage-clean
code-coverage-capture-hook:
code-coverage-capture: code-coverage-capture-hook
code-coverage-clean:
code_coverage_quiet = $(code_coverage_quiet_$(V))
code_coverage_quiet_ = $(code_coverage_quiet_$(AM_DEFAULT_VERBOSITY))
code_coverage_quiet_0 = --quiet
code_coverage_sanitize = $(subst -,_,$(subst .,_,$(1)))
code_coverage_v_genhtml = $(code_coverage_v_genhtml_$(V))
code_coverage_v_genhtml_ = $(code_coverage_v_genhtml_$(AM_DEFAULT_VERBOSITY))
code_coverage_v_genhtml_0 = @echo "  GEN   " $(CODE_COVERAGE_OUTPUT_DIRECTORY);
code_coverage_v_lcov_cap = $(code_coverage_v_lcov_cap_$(V))
code_coverage_v_lcov_cap_ = $(code_coverage_v_lcov_cap_$(AM_DEFAULT_VERBOSITY))
code_coverage_v_lcov_cap_0 = @echo "  LCOV   --capture"\
code_coverage_v_lcov_ign = $(code_coverage_v_lcov_ign_$(V))
code_coverage_v_lcov_ign_ = $(code_coverage_v_lcov_ign_$(AM_DEFAULT_VERBOSITY))
code_coverage_v_lcov_ign_0 = @echo "  LCOV   --remove /tmp/*"\
datadir='${datarootdir}'
datarootdir='${prefix}/share'
docdir='${datarootdir}/doc/${PACKAGE_TARNAME}'
dvidir='${docdir}'
else
else
endif
endif
endif
exec_prefix='${prefix}'
host='x86_64-pc-linux-gnu'
host_alias=''
host_cpu='x86_64'
host_os='linux-gnu'
host_vendor='pc'
htmldir='${docdir}'
ifGNUmake=''
ifeq ($(CODE_COVERAGE_ENABLED),yes)
ifeq ($(CODE_COVERAGE_ENABLED),yes)
ifeq ($(CODE_COVERAGE_ENABLED),yes)
includedir='${prefix}/include'
infodir='${datarootdir}/info'
install_sh='${SHELL} /home/remi.legrand@Digital-Grenoble.local/.config/i3/i3lock-color/install-sh'
libdir='${exec_prefix}/lib'
libexecdir='${exec_prefix}/libexec'
localedir='${datarootdir}/locale'
localstatedir='${prefix}/var'
mandir='${datarootdir}/man'
mkdir_p='$(MKDIR_P)'
oldincludedir='/usr/include'
pdfdir='${docdir}'
prefix='/usr/local'
program_transform_name='s,x,x,'
psdir='${docdir}'
runstatedir='${localstatedir}/run'
sbindir='${exec_prefix}/sbin'
sharedstatedir='${prefix}/com'
sysconfdir='${prefix}/etc'
target='x86_64-pc-linux-gnu'
target_alias=''
target_cpu='x86_64'
target_os='linux-gnu'
target_vendor='pc'

## ----------- ##
## confdefs.h. ##
## ----------- ##

/* confdefs.h */
#define PACKAGE_NAME "i3lock-color"
#define PACKAGE_TARNAME "i3lock-color"
#define PACKAGE_VERSION "2.12"
#define PACKAGE_STRING "i3lock-color 2.12"
#define PACKAGE_BUGREPORT "https://github.com/PandorasFox/i3lock-color/issues"
#define PACKAGE_URL ""
#define PACKAGE "i3lock-color"
#define VERSION "2.12"
#define I3LOCK_VERSION "2.12.c-68-gabdfd4d (2020-03-08, branch \"master\")"
#define HAVE_STDIO_H 1
#define HAVE_STDLIB_H 1
#define HAVE_STRING_H 1
#define HAVE_INTTYPES_H 1
#define HAVE_STDINT_H 1
#define HAVE_STRINGS_H 1
#define HAVE_SYS_STAT_H 1
#define HAVE_SYS_TYPES_H 1
#define HAVE_UNISTD_H 1
#define HAVE_WCHAR_H 1
#define STDC_HEADERS 1
#define _ALL_SOURCE 1
#define _DARWIN_C_SOURCE 1
#define _GNU_SOURCE 1
#define _HPUX_ALT_XOPEN_SOCKET_API 1
#define _NETBSD_SOURCE 1
#define _OPENBSD_SOURCE 1
#define _POSIX_PTHREAD_SEMANTICS 1
#define __STDC_WANT_IEC_60559_ATTRIBS_EXT__ 1
#define __STDC_WANT_IEC_60559_BFP_EXT__ 1
#define __STDC_WANT_IEC_60559_DFP_EXT__ 1
#define __STDC_WANT_IEC_60559_FUNCS_EXT__ 1
#define __STDC_WANT_IEC_60559_TYPES_EXT__ 1
#define __STDC_WANT_LIB_EXT2__ 1
#define __STDC_WANT_MATH_SPEC_FUNCS__ 1
#define _TANDEM_SOURCE 1
#define __EXTENSIONS__ 1
#define HAVE__BOOL 1
#define HAVE_MODE_T 1
#define HAVE_OFF_T 1
#define HAVE_PID_T 1
#define HAVE_SIZE_T 1
#define HAVE_SSIZE_T 1
#define HAVE_FORK 1
#define HAVE_VFORK 1
#define HAVE_WORKING_VFORK 1
#define HAVE_WORKING_FORK 1
#define LSTAT_FOLLOWS_SLASHED_SYMLINK 1
#define HAVE_ATEXIT 1
#define HAVE_DUP2 1
#define HAVE_FTRUNCATE 1
#define HAVE_GETCWD 1
#define HAVE_GETTIMEOFDAY 1
#define HAVE_LOCALTIME_R 1
#define HAVE_MEMCHR 1
#define HAVE_MEMSET 1
#define HAVE_MKDIR 1
#define HAVE_RMDIR 1
#define HAVE_SETLOCALE 1
#define HAVE_SOCKET 1
#define HAVE_STRCASECMP 1
#define HAVE_STRCHR 1
#define HAVE_STRDUP 1
#define HAVE_STRERROR 1
#define HAVE_STRNCASECMP 1
#define HAVE_STRNDUP 1
#define HAVE_STRRCHR 1
#define HAVE_STRSPN 1
#define HAVE_STRSTR 1
#define HAVE_STRTOL 1
#define HAVE_STRTOUL 1
#define HAVE_FCNTL_H 1
#define HAVE_FLOAT_H 1
#define HAVE_INTTYPES_H 1
#define HAVE_LIMITS_H 1
#define HAVE_LOCALE_H 1
#define HAVE_NETINET_IN_H 1
#define HAVE_PATHS_H 1
#define HAVE_STDDEF_H 1
#define HAVE_STDINT_H 1
#define HAVE_STDLIB_H 1
#define HAVE_STRING_H 1
#define HAVE_SYS_PARAM_H 1
#define HAVE_SYS_SOCKET_H 1
#define HAVE_SYS_TIME_H 1
#define HAVE_UNISTD_H 1
#define I3LOCK_ASAN_ENABLED /**/

configure: exit 0

## ---------------- ##
## Cache variables. ##
## ---------------- ##

ac_cv_build=x86_64-pc-linux-gnu
ac_cv_env_CAIRO_CFLAGS_set=
ac_cv_env_CAIRO_CFLAGS_value=
ac_cv_env_CAIRO_LIBS_set=
ac_cv_env_CAIRO_LIBS_value=
ac_cv_env_CC_set=
ac_cv_env_CC_value=
ac_cv_env_CFLAGS_set=
ac_cv_env_CFLAGS_value=
ac_cv_env_CPPFLAGS_set=
ac_cv_env_CPPFLAGS_value=
ac_cv_env_CPP_set=
ac_cv_env_CPP_value=
ac_cv_env_FONTCONFIG_CFLAGS_set=
ac_cv_env_FONTCONFIG_CFLAGS_value=
ac_cv_env_FONTCONFIG_LIBS_set=
ac_cv_env_FONTCONFIG_LIBS_value=
ac_cv_env_JPEG_CFLAGS_set=
ac_cv_env_JPEG_CFLAGS_value=
ac_cv_env_JPEG_LIBS_set=
ac_cv_env_JPEG_LIBS_value=
ac_cv_env_LDFLAGS_set=
ac_cv_env_LDFLAGS_value=
ac_cv_env_LIBS_set=
ac_cv_env_LIBS_value=
ac_cv_env_PKG_CONFIG_LIBDIR_set=
ac_cv_env_PKG_CONFIG_LIBDIR_value=
ac_cv_env_PKG_CONFIG_PATH_set=
ac_cv_env_PKG_CONFIG_PATH_value=
ac_cv_env_PKG_CONFIG_set=
ac_cv_env_PKG_CONFIG_value=
ac_cv_env_XCB_CFLAGS_set=
ac_cv_env_XCB_CFLAGS_value=
ac_cv_env_XCB_IMAGE_CFLAGS_set=
ac_cv_env_XCB_IMAGE_CFLAGS_value=
ac_cv_env_XCB_IMAGE_LIBS_set=
ac_cv_env_XCB_IMAGE_LIBS_value=
ac_cv_env_XCB_LIBS_set=
ac_cv_env_XCB_LIBS_value=
ac_cv_env_XCB_UTIL_CFLAGS_set=
ac_cv_env_XCB_UTIL_CFLAGS_value=
ac_cv_env_XCB_UTIL_LIBS_set=
ac_cv_env_XCB_UTIL_LIBS_value=
ac_cv_env_XCB_UTIL_XRM_CFLAGS_set=
ac_cv_env_XCB_UTIL_XRM_CFLAGS_value=
ac_cv_env_XCB_UTIL_XRM_LIBS_set=
ac_cv_env_XCB_UTIL_XRM_LIBS_value=
ac_cv_env_XKBCOMMON_CFLAGS_set=
ac_cv_env_XKBCOMMON_CFLAGS_value=
ac_cv_env_XKBCOMMON_LIBS_set=
ac_cv_env_XKBCOMMON_LIBS_value=
ac_cv_env_build_alias_set=
ac_cv_env_build_alias_value=
ac_cv_env_host_alias_set=
ac_cv_env_host_alias_value=
ac_cv_env_target_alias_set=
ac_cv_env_target_alias_value=
ac_cv_host=x86_64-pc-linux-gnu
ac_cv_target=x86_64-pc-linux-gnu

## ----------------- ##
## Output variables. ##
## ----------------- ##

ACLOCAL=''
AMDEPBACKSLASH=''
AMDEP_FALSE=''
AMDEP_TRUE=''
AMTAR=''
AM_BACKSLASH=''
AM_CFLAGS=''
AM_DEFAULT_V=''
AM_DEFAULT_VERBOSITY=''
AM_V=''
AR=''
AUTOCONF=''
AUTOHEADER=''
AUTOMAKE=''
AWK=''
AX_EXTEND_SRCDIR_CPPFLAGS=''
CAIRO_CFLAGS=''
CAIRO_LIBS=''
CC=''
CCDEPMODE=''
CFLAGS=''
CODE_COVERAGE_CFLAGS=''
CODE_COVERAGE_CPPFLAGS=''
CODE_COVERAGE_CXXFLAGS=''
CODE_COVERAGE_ENABLED=''
CODE_COVERAGE_ENABLED_FALSE=''
CODE_COVERAGE_ENABLED_TRUE=''
CODE_COVERAGE_LDFLAGS=''
CODE_COVERAGE_RULES=''
CPP=''
CPPFLAGS=''
CSCOPE=''
CTAGS=''
CYGPATH_W=''
DEFS=''
DEPDIR=''
ECHO_C=''
ECHO_N='-n'
ECHO_T=''
ETAGS=''
EXEEXT=''
FONTCONFIG_CFLAGS=''
FONTCONFIG_LIBS=''
GCOV=''
GENHTML=''
I3LOCK_VERSION=''
INSTALL_DATA=''
INSTALL_PROGRAM=''
INSTALL_SCRIPT=''
INSTALL_STRIP_PROGRAM=''
JPEG_CFLAGS=''
JPEG_LIBS=''
LCOV=''
LDFLAGS=''
LIBOBJS=''
LIBS=''
LN_S=''
LTLIBOBJS=''
MAINT=''
MAINTAINER_MODE_FALSE=''
MAINTAINER_MODE_TRUE=''
MAKEINFO=''
MKDIR_P=''
OBJEXT=''
PACKAGE=''
PACKAGE_BUGREPORT='https://github.com/PandorasFox/i3lock-color/issues'
PACKAGE_NAME='i3lock-color'
PACKAGE_STRING='i3lock-color 2.12'
PACKAGE_TARNAME='i3lock-color'
PACKAGE_URL=''
PACKAGE_VERSION='2.12'
PATH_SEPARATOR=':'
PKG_CONFIG=''
PKG_CONFIG_LIBDIR=''
PKG_CONFIG_PATH=''
RANLIB=''
SED=''
SET_MAKE=''
SHELL='/bin/bash'
STRIP=''
VERSION=''
XCB_CFLAGS=''
XCB_IMAGE_CFLAGS=''
XCB_IMAGE_LIBS=''
XCB_LIBS=''
XCB_UTIL_CFLAGS=''
XCB_UTIL_LIBS=''
XCB_UTIL_XRM_CFLAGS=''
XCB_UTIL_XRM_LIBS=''
XKBCOMMON_CFLAGS=''
XKBCOMMON_LIBS=''
ac_ct_AR=''
ac_ct_CC=''
am__EXEEXT_FALSE=''
am__EXEEXT_TRUE=''
am__fastdepCC_FALSE=''
am__fastdepCC_TRUE=''
am__include=''
am__isrc=''
am__leading_dot=''
am__nodep=''
am__quote=''
am__tar=''
am__untar=''
ax_enable_builddir_sed=''
bindir='${exec_prefix}/bin'
build='x86_64-pc-linux-gnu'
build_alias=''
build_cpu='x86_64'
build_os='linux-gnu'
build_vendor='pc'
datadir='${datarootdir}'
datarootdir='${prefix}/share'
docdir='${datarootdir}/doc/${PACKAGE_TARNAME}'
dvidir='${docdir}'
exec_prefix='NONE'
host='x86_64-pc-linux-gnu'
host_alias=''
host_cpu='x86_64'
host_os='linux-gnu'
host_vendor='pc'
htmldir='${docdir}'
ifGNUmake=''
includedir='${prefix}/include'
infodir='${datarootdir}/info'
install_sh=''
libdir='${exec_prefix}/lib'
libexecdir='${exec_prefix}/libexec'
localedir='${datarootdir}/locale'
localstatedir='${prefix}/var'
mandir='${datarootdir}/man'
mkdir_p=''
oldincludedir='/usr/include'
pdfdir='${docdir}'
prefix='NONE'
program_transform_name='s,x,x,'
psdir='${docdir}'
runstatedir='${localstatedir}/run'
sbindir='${exec_prefix}/sbin'
sharedstatedir='${prefix}/com'
sysconfdir='${prefix}/etc'
target='x86_64-pc-linux-gnu'
target_alias=''
target_cpu='x86_64'
target_os='linux-gnu'
target_vendor='pc'

configure: exit 0
